Archive member included to satisfy reference by file (symbol)

c:/st/stm32cubeide_1.9.0/stm32cubeide/plugins/com.st.stm32cube.ide.mcu.externaltools.gnu-tools-for-stm32.10.3-2021.10.win32_1.0.200.202301161003/tools/bin/../lib/gcc/arm-none-eabi/10.3.1/../../../../arm-none-eabi/lib/thumb/v7-m/nofp\libc_nano.a(lib_a-errno.o)
                              ./Core/Src/syscalls.o (__errno)
c:/st/stm32cubeide_1.9.0/stm32cubeide/plugins/com.st.stm32cube.ide.mcu.externaltools.gnu-tools-for-stm32.10.3-2021.10.win32_1.0.200.202301161003/tools/bin/../lib/gcc/arm-none-eabi/10.3.1/../../../../arm-none-eabi/lib/thumb/v7-m/nofp\libc_nano.a(lib_a-exit.o)
                              c:/st/stm32cubeide_1.9.0/stm32cubeide/plugins/com.st.stm32cube.ide.mcu.externaltools.gnu-tools-for-stm32.10.3-2021.10.win32_1.0.200.202301161003/tools/bin/../lib/gcc/arm-none-eabi/10.3.1/../../../../arm-none-eabi/lib/thumb/v7-m/nofp/crt0.o (exit)
c:/st/stm32cubeide_1.9.0/stm32cubeide/plugins/com.st.stm32cube.ide.mcu.externaltools.gnu-tools-for-stm32.10.3-2021.10.win32_1.0.200.202301161003/tools/bin/../lib/gcc/arm-none-eabi/10.3.1/../../../../arm-none-eabi/lib/thumb/v7-m/nofp\libc_nano.a(lib_a-impure.o)
                              c:/st/stm32cubeide_1.9.0/stm32cubeide/plugins/com.st.stm32cube.ide.mcu.externaltools.gnu-tools-for-stm32.10.3-2021.10.win32_1.0.200.202301161003/tools/bin/../lib/gcc/arm-none-eabi/10.3.1/../../../../arm-none-eabi/lib/thumb/v7-m/nofp\libc_nano.a(lib_a-exit.o) (_global_impure_ptr)
c:/st/stm32cubeide_1.9.0/stm32cubeide/plugins/com.st.stm32cube.ide.mcu.externaltools.gnu-tools-for-stm32.10.3-2021.10.win32_1.0.200.202301161003/tools/bin/../lib/gcc/arm-none-eabi/10.3.1/../../../../arm-none-eabi/lib/thumb/v7-m/nofp\libc_nano.a(lib_a-init.o)
                              c:/st/stm32cubeide_1.9.0/stm32cubeide/plugins/com.st.stm32cube.ide.mcu.externaltools.gnu-tools-for-stm32.10.3-2021.10.win32_1.0.200.202301161003/tools/bin/../lib/gcc/arm-none-eabi/10.3.1/../../../../arm-none-eabi/lib/thumb/v7-m/nofp/crt0.o (__libc_init_array)
c:/st/stm32cubeide_1.9.0/stm32cubeide/plugins/com.st.stm32cube.ide.mcu.externaltools.gnu-tools-for-stm32.10.3-2021.10.win32_1.0.200.202301161003/tools/bin/../lib/gcc/arm-none-eabi/10.3.1/../../../../arm-none-eabi/lib/thumb/v7-m/nofp\libc_nano.a(lib_a-memset.o)
                              c:/st/stm32cubeide_1.9.0/stm32cubeide/plugins/com.st.stm32cube.ide.mcu.externaltools.gnu-tools-for-stm32.10.3-2021.10.win32_1.0.200.202301161003/tools/bin/../lib/gcc/arm-none-eabi/10.3.1/../../../../arm-none-eabi/lib/thumb/v7-m/nofp/crt0.o (memset)
c:/st/stm32cubeide_1.9.0/stm32cubeide/plugins/com.st.stm32cube.ide.mcu.externaltools.gnu-tools-for-stm32.10.3-2021.10.win32_1.0.200.202301161003/tools/bin/../lib/gcc/arm-none-eabi/10.3.1/thumb/v7-m/nofp\libgcc.a(_aeabi_uldivmod.o)
                              ./Drivers/STM32L1xx_HAL_Driver/Src/stm32l1xx_hal_rcc.o (__aeabi_uldivmod)
c:/st/stm32cubeide_1.9.0/stm32cubeide/plugins/com.st.stm32cube.ide.mcu.externaltools.gnu-tools-for-stm32.10.3-2021.10.win32_1.0.200.202301161003/tools/bin/../lib/gcc/arm-none-eabi/10.3.1/thumb/v7-m/nofp\libgcc.a(_udivmoddi4.o)
                              c:/st/stm32cubeide_1.9.0/stm32cubeide/plugins/com.st.stm32cube.ide.mcu.externaltools.gnu-tools-for-stm32.10.3-2021.10.win32_1.0.200.202301161003/tools/bin/../lib/gcc/arm-none-eabi/10.3.1/thumb/v7-m/nofp\libgcc.a(_aeabi_uldivmod.o) (__udivmoddi4)
c:/st/stm32cubeide_1.9.0/stm32cubeide/plugins/com.st.stm32cube.ide.mcu.externaltools.gnu-tools-for-stm32.10.3-2021.10.win32_1.0.200.202301161003/tools/bin/../lib/gcc/arm-none-eabi/10.3.1/thumb/v7-m/nofp\libgcc.a(_dvmd_tls.o)
                              c:/st/stm32cubeide_1.9.0/stm32cubeide/plugins/com.st.stm32cube.ide.mcu.externaltools.gnu-tools-for-stm32.10.3-2021.10.win32_1.0.200.202301161003/tools/bin/../lib/gcc/arm-none-eabi/10.3.1/thumb/v7-m/nofp\libgcc.a(_aeabi_uldivmod.o) (__aeabi_ldiv0)

Discarded input sections

 .text          0x0000000000000000        0x0 c:/st/stm32cubeide_1.9.0/stm32cubeide/plugins/com.st.stm32cube.ide.mcu.externaltools.gnu-tools-for-stm32.10.3-2021.10.win32_1.0.200.202301161003/tools/bin/../lib/gcc/arm-none-eabi/10.3.1/thumb/v7-m/nofp/crti.o
 .data          0x0000000000000000        0x0 c:/st/stm32cubeide_1.9.0/stm32cubeide/plugins/com.st.stm32cube.ide.mcu.externaltools.gnu-tools-for-stm32.10.3-2021.10.win32_1.0.200.202301161003/tools/bin/../lib/gcc/arm-none-eabi/10.3.1/thumb/v7-m/nofp/crti.o
 .bss           0x0000000000000000        0x0 c:/st/stm32cubeide_1.9.0/stm32cubeide/plugins/com.st.stm32cube.ide.mcu.externaltools.gnu-tools-for-stm32.10.3-2021.10.win32_1.0.200.202301161003/tools/bin/../lib/gcc/arm-none-eabi/10.3.1/thumb/v7-m/nofp/crti.o
 .data          0x0000000000000000        0x4 c:/st/stm32cubeide_1.9.0/stm32cubeide/plugins/com.st.stm32cube.ide.mcu.externaltools.gnu-tools-for-stm32.10.3-2021.10.win32_1.0.200.202301161003/tools/bin/../lib/gcc/arm-none-eabi/10.3.1/thumb/v7-m/nofp/crtbegin.o
[...]
Memory Configuration

Name             Origin             Length             Attributes
RAM              0x0000000020000000 0x0000000000004000 xrw
FLASH            0x0000000008000000 0x0000000000020000 xr
*default*        0x0000000000000000 0xffffffffffffffff

Linker script and memory map

LOAD c:/st/stm32cubeide_1.9.0/stm32cubeide/plugins/com.st.stm32cube.ide.mcu.externaltools.gnu-tools-for-stm32.10.3-2021.10.win32_1.0.200.202301161003/tools/bin/../lib/gcc/arm-none-eabi/10.3.1/thumb/v7-m/nofp/crti.o
LOAD c:/st/stm32cubeide_1.9.0/stm32cubeide/plugins/com.st.stm32cube.ide.mcu.externaltools.gnu-tools-for-stm32.10.3-2021.10.win32_1.0.200.202301161003/tools/bin/../lib/gcc/arm-none-eabi/10.3.1/thumb/v7-m/nofp/crtbegin.o
LOAD c:/st/stm32cubeide_1.9.0/stm32cubeide/plugins/com.st.stm32cube.ide.mcu.externaltools.gnu-tools-for-stm32.10.3-2021.10.win32_1.0.200.202301161003/tools/bin/../lib/gcc/arm-none-eabi/10.3.1/../../../../arm-none-eabi/lib/thumb/v7-m/nofp/crt0.o
LOAD ./Core/Src/adc.o
LOAD ./Core/Src/dac.o
LOAD ./Core/Src/dma.o
LOAD ./Core/Src/gpio.o
LOAD ./Core/Src/main.o
LOAD ./Core/Src/stm32l1xx_hal_msp.o
LOAD ./Core/Src/stm32l1xx_it.o
LOAD ./Core/Src/syscalls.o
LOAD ./Core/Src/sysmem.o
LOAD ./Core/Src/system_stm32l1xx.o
LOAD ./Core/Startup/startup_stm32l151cbtx.o
LOAD ./Drivers/STM32L1xx_HAL_Driver/Src/stm32l1xx_hal.o
LOAD ./Drivers/STM32L1xx_HAL_Driver/Src/stm32l1xx_hal_adc.o
LOAD ./Drivers/STM32L1xx_HAL_Driver/Src/stm32l1xx_hal_adc_ex.o
LOAD ./Drivers/STM32L1xx_HAL_Driver/Src/stm32l1xx_hal_cortex.o
LOAD ./Drivers/STM32L1xx_HAL_Driver/Src/stm32l1xx_hal_dac.o
LOAD ./Drivers/STM32L1xx_HAL_Driver/Src/stm32l1xx_hal_dac_ex.o
LOAD ./Drivers/STM32L1xx_HAL_Driver/Src/stm32l1xx_hal_dma.o
LOAD ./Drivers/STM32L1xx_HAL_Driver/Src/stm32l1xx_hal_exti.o
LOAD ./Drivers/STM32L1xx_HAL_Driver/Src/stm32l1xx_hal_flash.o
LOAD ./Drivers/STM32L1xx_HAL_Driver/Src/stm32l1xx_hal_flash_ex.o
LOAD ./Drivers/STM32L1xx_HAL_Driver/Src/stm32l1xx_hal_flash_ramfunc.o
LOAD ./Drivers/STM32L1xx_HAL_Driver/Src/stm32l1xx_hal_gpio.o
LOAD ./Drivers/STM32L1xx_HAL_Driver/Src/stm32l1xx_hal_pcd.o
LOAD ./Drivers/STM32L1xx_HAL_Driver/Src/stm32l1xx_hal_pcd_ex.o
LOAD ./Drivers/STM32L1xx_HAL_Driver/Src/stm32l1xx_hal_pwr.o
LOAD ./Drivers/STM32L1xx_HAL_Driver/Src/stm32l1xx_hal_pwr_ex.o
LOAD ./Drivers/STM32L1xx_HAL_Driver/Src/stm32l1xx_hal_rcc.o
LOAD ./Drivers/STM32L1xx_HAL_Driver/Src/stm32l1xx_hal_rcc_ex.o
LOAD ./Drivers/STM32L1xx_HAL_Driver/Src/stm32l1xx_hal_tim.o
LOAD ./Drivers/STM32L1xx_HAL_Driver/Src/stm32l1xx_hal_tim_ex.o
LOAD ./Drivers/STM32L1xx_HAL_Driver/Src/stm32l1xx_ll_usb.o
LOAD ./Middlewares/ST/STM32_USB_Device_Library/Class/CDC/Src/usbd_cdc.o
LOAD ./Middlewares/ST/STM32_USB_Device_Library/Core/Src/usbd_core.o
LOAD ./Middlewares/ST/STM32_USB_Device_Library/Core/Src/usbd_ctlreq.o
LOAD ./Middlewares/ST/STM32_USB_Device_Library/Core/Src/usbd_ioreq.o
LOAD ./USB_DEVICE/App/usb_device.o
LOAD ./USB_DEVICE/App/usbd_cdc_if.o
LOAD ./USB_DEVICE/App/usbd_desc.o
LOAD ./USB_DEVICE/Target/usbd_conf.o
LOAD ./User/Src/handlers.o
LOAD ./User/Src/kernel_rxtx.o
LOAD ./User/Src/usb_snd.o
START GROUP
LOAD c:/st/stm32cubeide_1.9.0/stm32cubeide/plugins/com.st.stm32cube.ide.mcu.externaltools.gnu-tools-for-stm32.10.3-2021.10.win32_1.0.200.202301161003/tools/bin/../lib/gcc/arm-none-eabi/10.3.1/../../../../arm-none-eabi/lib/thumb/v7-m/nofp\libc_nano.a
LOAD c:/st/stm32cubeide_1.9.0/stm32cubeide/plugins/com.st.stm32cube.ide.mcu.externaltools.gnu-tools-for-stm32.10.3-2021.10.win32_1.0.200.202301161003/tools/bin/../lib/gcc/arm-none-eabi/10.3.1/../../../../arm-none-eabi/lib/thumb/v7-m/nofp\libm.a
END GROUP
START GROUP
LOAD c:/st/stm32cubeide_1.9.0/stm32cubeide/plugins/com.st.stm32cube.ide.mcu.externaltools.gnu-tools-for-stm32.10.3-2021.10.win32_1.0.200.202301161003/tools/bin/../lib/gcc/arm-none-eabi/10.3.1/thumb/v7-m/nofp\libgcc.a
LOAD c:/st/stm32cubeide_1.9.0/stm32cubeide/plugins/com.st.stm32cube.ide.mcu.externaltools.gnu-tools-for-stm32.10.3-2021.10.win32_1.0.200.202301161003/tools/bin/../lib/gcc/arm-none-eabi/10.3.1/../../../../arm-none-eabi/lib/thumb/v7-m/nofp\libc_nano.a
END GROUP
START GROUP
LOAD c:/st/stm32cubeide_1.9.0/stm32cubeide/plugins/com.st.stm32cube.ide.mcu.externaltools.gnu-tools-for-stm32.10.3-2021.10.win32_1.0.200.202301161003/tools/bin/../lib/gcc/arm-none-eabi/10.3.1/thumb/v7-m/nofp\libgcc.a
LOAD c:/st/stm32cubeide_1.9.0/stm32cubeide/plugins/com.st.stm32cube.ide.mcu.externaltools.gnu-tools-for-stm32.10.3-2021.10.win32_1.0.200.202301161003/tools/bin/../lib/gcc/arm-none-eabi/10.3.1/../../../../arm-none-eabi/lib/thumb/v7-m/nofp\libc_nano.a
LOAD c:/st/stm32cubeide_1.9.0/stm32cubeide/plugins/com.st.stm32cube.ide.mcu.externaltools.gnu-tools-for-stm32.10.3-2021.10.win32_1.0.200.202301161003/tools/bin/../lib/gcc/arm-none-eabi/10.3.1/../../../../arm-none-eabi/lib/thumb/v7-m/nofp\libnosys.a
END GROUP
START GROUP
LOAD c:/st/stm32cubeide_1.9.0/stm32cubeide/plugins/com.st.stm32cube.ide.mcu.externaltools.gnu-tools-for-stm32.10.3-2021.10.win32_1.0.200.202301161003/tools/bin/../lib/gcc/arm-none-eabi/10.3.1/thumb/v7-m/nofp\libgcc.a
LOAD c:/st/stm32cubeide_1.9.0/stm32cubeide/plugins/com.st.stm32cube.ide.mcu.externaltools.gnu-tools-for-stm32.10.3-2021.10.win32_1.0.200.202301161003/tools/bin/../lib/gcc/arm-none-eabi/10.3.1/../../../../arm-none-eabi/lib/thumb/v7-m/nofp\libc_nano.a
LOAD c:/st/stm32cubeide_1.9.0/stm32cubeide/plugins/com.st.stm32cube.ide.mcu.externaltools.gnu-tools-for-stm32.10.3-2021.10.win32_1.0.200.202301161003/tools/bin/../lib/gcc/arm-none-eabi/10.3.1/../../../../arm-none-eabi/lib/thumb/v7-m/nofp\libnosys.a
END GROUP
LOAD c:/st/stm32cubeide_1.9.0/stm32cubeide/plugins/com.st.stm32cube.ide.mcu.externaltools.gnu-tools-for-stm32.10.3-2021.10.win32_1.0.200.202301161003/tools/bin/../lib/gcc/arm-none-eabi/10.3.1/thumb/v7-m/nofp/crtend.o
LOAD c:/st/stm32cubeide_1.9.0/stm32cubeide/plugins/com.st.stm32cube.ide.mcu.externaltools.gnu-tools-for-stm32.10.3-2021.10.win32_1.0.200.202301161003/tools/bin/../lib/gcc/arm-none-eabi/10.3.1/thumb/v7-m/nofp/crtn.o
                0x0000000020004000                _estack = (ORIGIN (RAM) + LENGTH (RAM))
                0x0000000000000200                _Min_Heap_Size = 0x200
                0x0000000000000400                _Min_Stack_Size = 0x400

.isr_vector     0x0000000008000000      0x13c
                0x0000000008000000                . = ALIGN (0x4)
 *(.isr_vector)
 .isr_vector    0x0000000008000000      0x13c ./Core/Startup/startup_stm32l151cbtx.o
                0x0000000008000000                g_pfnVectors
                0x000000000800013c                . = ALIGN (0x4)

.text           0x000000000800013c     0x9ffc
                0x000000000800013c                . = ALIGN (0x4)
 *(.text)
 .text          0x000000000800013c       0x40 c:/st/stm32cubeide_1.9.0/stm32cubeide/plugins/com.st.stm32cube.ide.mcu.externaltools.gnu-tools-for-stm32.10.3-2021.10.win32_1.0.200.202301161003/tools/bin/../lib/gcc/arm-none-eabi/10.3.1/thumb/v7-m/nofp/crtbegin.o
 .text          0x000000000800017c       0x30 c:/st/stm32cubeide_1.9.0/stm32cubeide/plugins/com.st.stm32cube.ide.mcu.externaltools.gnu-tools-for-stm32.10.3-2021.10.win32_1.0.200.202301161003/tools/bin/../lib/gcc/arm-none-eabi/10.3.1/thumb/v7-m/nofp\libgcc.a(_aeabi_uldivmod.o)
                0x000000000800017c                __aeabi_uldivmod
 .text          0x00000000080001ac      0x2d4 c:/st/stm32cubeide_1.9.0/stm32cubeide/plugins/com.st.stm32cube.ide.mcu.externaltools.gnu-tools-for-stm32.10.3-2021.10.win32_1.0.200.202301161003/tools/bin/../lib/gcc/arm-none-eabi/10.3.1/thumb/v7-m/nofp\libgcc.a(_udivmoddi4.o)
                0x00000000080001ac                __udivmoddi4
 .text          0x0000000008000480        0x4 c:/st/stm32cubeide_1.9.0/stm32cubeide/plugins/com.st.stm32cube.ide.mcu.externaltools.gnu-tools-for-stm32.10.3-2021.10.win32_1.0.200.202301161003/tools/bin/../lib/gcc/arm-none-eabi/10.3.1/thumb/v7-m/nofp\libgcc.a(_dvmd_tls.o)
                0x0000000008000480                __aeabi_idiv0
                0x0000000008000480                __aeabi_ldiv0
 *(.text*)
 .text.MX_ADC_Init
                0x0000000008000484      0x220 ./Core/Src/adc.o
                0x0000000008000484                MX_ADC_Init
 .text.HAL_ADC_MspInit
                0x00000000080006a4      0x10c ./Core/Src/adc.o
                0x00000000080006a4                HAL_ADC_MspInit
 .text.MX_DAC_Init
                0x00000000080007b0       0x68 ./Core/Src/dac.o
                0x00000000080007b0                MX_DAC_Init
 .text.HAL_DAC_MspInit
                0x0000000008000818       0x80 ./Core/Src/dac.o
                0x0000000008000818                HAL_DAC_MspInit
 .text.MX_DMA_Init
                0x0000000008000898       0x3c ./Core/Src/dma.o
                0x0000000008000898                MX_DMA_Init
 .text.MX_GPIO_Init
                0x00000000080008d4       0x7c ./Core/Src/gpio.o
                0x00000000080008d4                MX_GPIO_Init
 .text.main     0x0000000008000950       0x2a ./Core/Src/main.o
                0x0000000008000950                main
 *fill*         0x000000000800097a        0x2 
 .text.SystemClock_Config
                0x000000000800097c       0x9c ./Core/Src/main.o
                0x000000000800097c                SystemClock_Config
 .text.Error_Handler
                0x0000000008000a18        0xa ./Core/Src/main.o
                0x0000000008000a18                Error_Handler
 .text.assert_failed
                0x0000000008000a22       0x14 ./Core/Src/main.o
                0x0000000008000a22                assert_failed
 *fill*         0x0000000008000a36        0x2 
 .text.HAL_MspInit
                0x0000000008000a38       0x5c ./Core/Src/stm32l1xx_hal_msp.o
                0x0000000008000a38                HAL_MspInit
 .text.NMI_Handler
                0x0000000008000a94        0x6 ./Core/Src/stm32l1xx_it.o
                0x0000000008000a94                NMI_Handler
 .text.HardFault_Handler
                0x0000000008000a9a        0x6 ./Core/Src/stm32l1xx_it.o
                0x0000000008000a9a                HardFault_Handler
 .text.MemManage_Handler
                0x0000000008000aa0        0x6 ./Core/Src/stm32l1xx_it.o
                0x0000000008000aa0                MemManage_Handler
 .text.BusFault_Handler
                0x0000000008000aa6        0x6 ./Core/Src/stm32l1xx_it.o
                0x0000000008000aa6                BusFault_Handler
 .text.UsageFault_Handler
                0x0000000008000aac        0x6 ./Core/Src/stm32l1xx_it.o
                0x0000000008000aac                UsageFault_Handler
 .text.DebugMon_Handler
                0x0000000008000ab2        0xc ./Core/Src/stm32l1xx_it.o
                0x0000000008000ab2                DebugMon_Handler
 .text.PendSV_Handler
                0x0000000008000abe        0xc ./Core/Src/stm32l1xx_it.o
                0x0000000008000abe                PendSV_Handler
 .text.SysTick_Handler
                0x0000000008000aca        0xc ./Core/Src/stm32l1xx_it.o
                0x0000000008000aca                SysTick_Handler
 *fill*         0x0000000008000ad6        0x2 
 .text.DMA1_Channel1_IRQHandler
                0x0000000008000ad8       0x14 ./Core/Src/stm32l1xx_it.o
                0x0000000008000ad8                DMA1_Channel1_IRQHandler
 .text.USB_LP_IRQHandler
                0x0000000008000aec       0x14 ./Core/Src/stm32l1xx_it.o
                0x0000000008000aec                USB_LP_IRQHandler
 .text.SystemInit
                0x0000000008000b00        0xc ./Core/Src/system_stm32l1xx.o
                0x0000000008000b00                SystemInit
 .text.Reset_Handler
                0x0000000008000b0c       0x48 ./Core/Startup/startup_stm32l151cbtx.o
                0x0000000008000b0c                Reset_Handler
 .text.Default_Handler
                0x0000000008000b54        0x2 ./Core/Startup/startup_stm32l151cbtx.o
                0x0000000008000b54                RTC_Alarm_IRQHandler
                0x0000000008000b54                EXTI2_IRQHandler
                0x0000000008000b54                TIM10_IRQHandler
                0x0000000008000b54                USB_HP_IRQHandler
                0x0000000008000b54                TIM6_IRQHandler
                0x0000000008000b54                PVD_IRQHandler
                0x0000000008000b54                EXTI3_IRQHandler
                0x0000000008000b54                EXTI0_IRQHandler
                0x0000000008000b54                I2C2_EV_IRQHandler
                0x0000000008000b54                SPI1_IRQHandler
                0x0000000008000b54                USB_FS_WKUP_IRQHandler
                0x0000000008000b54                DMA1_Channel4_IRQHandler
                0x0000000008000b54                ADC1_IRQHandler
                0x0000000008000b54                USART3_IRQHandler
                0x0000000008000b54                DMA1_Channel7_IRQHandler
                0x0000000008000b54                TIM4_IRQHandler
                0x0000000008000b54                I2C1_EV_IRQHandler
                0x0000000008000b54                DMA1_Channel6_IRQHandler
                0x0000000008000b54                TIM3_IRQHandler
                0x0000000008000b54                RCC_IRQHandler
                0x0000000008000b54                Default_Handler
                0x0000000008000b54                EXTI15_10_IRQHandler
                0x0000000008000b54                TIM7_IRQHandler
                0x0000000008000b54                EXTI9_5_IRQHandler
                0x0000000008000b54                TIM9_IRQHandler
                0x0000000008000b54                TAMPER_STAMP_IRQHandler
                0x0000000008000b54                RTC_WKUP_IRQHandler
                0x0000000008000b54                SPI2_IRQHandler
                0x0000000008000b54                SVC_Handler
                0x0000000008000b54                DMA1_Channel5_IRQHandler
                0x0000000008000b54                EXTI4_IRQHandler
                0x0000000008000b54                DMA1_Channel3_IRQHandler
                0x0000000008000b54                COMP_IRQHandler
                0x0000000008000b54                WWDG_IRQHandler
                0x0000000008000b54                TIM2_IRQHandler
                0x0000000008000b54                DAC_IRQHandler
                0x0000000008000b54                EXTI1_IRQHandler
                0x0000000008000b54                TIM11_IRQHandler
                0x0000000008000b54                USART2_IRQHandler
                0x0000000008000b54                I2C2_ER_IRQHandler
                0x0000000008000b54                DMA1_Channel2_IRQHandler
                0x0000000008000b54                FLASH_IRQHandler
                0x0000000008000b54                USART1_IRQHandler
                0x0000000008000b54                I2C1_ER_IRQHandler
 .text.HAL_Init
                0x0000000008000b56       0x30 ./Drivers/STM32L1xx_HAL_Driver/Src/stm32l1xx_hal.o
                0x0000000008000b56                HAL_Init
 *fill*         0x0000000008000b86        0x2 
 .text.HAL_InitTick
                0x0000000008000b88       0x74 ./Drivers/STM32L1xx_HAL_Driver/Src/stm32l1xx_hal.o
                0x0000000008000b88                HAL_InitTick
 .text.HAL_IncTick
                0x0000000008000bfc       0x24 ./Drivers/STM32L1xx_HAL_Driver/Src/stm32l1xx_hal.o
                0x0000000008000bfc                HAL_IncTick
 .text.HAL_GetTick
                0x0000000008000c20       0x14 ./Drivers/STM32L1xx_HAL_Driver/Src/stm32l1xx_hal.o
                0x0000000008000c20                HAL_GetTick
 .text.HAL_Delay
                0x0000000008000c34       0x44 ./Drivers/STM32L1xx_HAL_Driver/Src/stm32l1xx_hal.o
                0x0000000008000c34                HAL_Delay
 .text.HAL_ADC_Init
                0x0000000008000c78      0x540 ./Drivers/STM32L1xx_HAL_Driver/Src/stm32l1xx_hal_adc.o
                0x0000000008000c78                HAL_ADC_Init
 .text.HAL_ADC_Start_DMA
                0x00000000080011b8      0x138 ./Drivers/STM32L1xx_HAL_Driver/Src/stm32l1xx_hal_adc.o
                0x00000000080011b8                HAL_ADC_Start_DMA
 .text.HAL_ADC_Stop_DMA
                0x00000000080012f0       0xc0 ./Drivers/STM32L1xx_HAL_Driver/Src/stm32l1xx_hal_adc.o
                0x00000000080012f0                HAL_ADC_Stop_DMA
 .text.HAL_ADC_ConvHalfCpltCallback
                0x00000000080013b0       0x12 ./Drivers/STM32L1xx_HAL_Driver/Src/stm32l1xx_hal_adc.o
                0x00000000080013b0                HAL_ADC_ConvHalfCpltCallback
 .text.HAL_ADC_ErrorCallback
                0x00000000080013c2       0x12 ./Drivers/STM32L1xx_HAL_Driver/Src/stm32l1xx_hal_adc.o
                0x00000000080013c2                HAL_ADC_ErrorCallback
 .text.HAL_ADC_ConfigChannel
                0x00000000080013d4      0x4d0 ./Drivers/STM32L1xx_HAL_Driver/Src/stm32l1xx_hal_adc.o
                0x00000000080013d4                HAL_ADC_ConfigChannel
 .text.ADC_Enable
                0x00000000080018a4       0xb8 ./Drivers/STM32L1xx_HAL_Driver/Src/stm32l1xx_hal_adc.o
                0x00000000080018a4                ADC_Enable
 .text.ADC_ConversionStop_Disable
                0x000000000800195c       0x82 ./Drivers/STM32L1xx_HAL_Driver/Src/stm32l1xx_hal_adc.o
                0x000000000800195c                ADC_ConversionStop_Disable
 .text.ADC_DMAConvCplt
                0x00000000080019de       0xa8 ./Drivers/STM32L1xx_HAL_Driver/Src/stm32l1xx_hal_adc.o
 .text.ADC_DMAHalfConvCplt
                0x0000000008001a86       0x1c ./Drivers/STM32L1xx_HAL_Driver/Src/stm32l1xx_hal_adc.o
 .text.ADC_DMAError
                0x0000000008001aa2       0x34 ./Drivers/STM32L1xx_HAL_Driver/Src/stm32l1xx_hal_adc.o
 *fill*         0x0000000008001ad6        0x2 
 .text.__NVIC_SetPriorityGrouping
                0x0000000008001ad8       0x48 ./Drivers/STM32L1xx_HAL_Driver/Src/stm32l1xx_hal_cortex.o
 .text.__NVIC_GetPriorityGrouping
                0x0000000008001b20       0x1c ./Drivers/STM32L1xx_HAL_Driver/Src/stm32l1xx_hal_cortex.o
 .text.__NVIC_EnableIRQ
                0x0000000008001b3c       0x38 ./Drivers/STM32L1xx_HAL_Driver/Src/stm32l1xx_hal_cortex.o
 .text.__NVIC_SetPriority
                0x0000000008001b74       0x54 ./Drivers/STM32L1xx_HAL_Driver/Src/stm32l1xx_hal_cortex.o
 .text.NVIC_EncodePriority
                0x0000000008001bc8       0x64 ./Drivers/STM32L1xx_HAL_Driver/Src/stm32l1xx_hal_cortex.o
 .text.SysTick_Config
                0x0000000008001c2c       0x44 ./Drivers/STM32L1xx_HAL_Driver/Src/stm32l1xx_hal_cortex.o
 .text.HAL_NVIC_SetPriorityGrouping
                0x0000000008001c70       0x40 ./Drivers/STM32L1xx_HAL_Driver/Src/stm32l1xx_hal_cortex.o
                0x0000000008001c70                HAL_NVIC_SetPriorityGrouping
 .text.HAL_NVIC_SetPriority
                0x0000000008001cb0       0x58 ./Drivers/STM32L1xx_HAL_Driver/Src/stm32l1xx_hal_cortex.o
                0x0000000008001cb0                HAL_NVIC_SetPriority
 .text.HAL_NVIC_EnableIRQ
                0x0000000008001d08       0x30 ./Drivers/STM32L1xx_HAL_Driver/Src/stm32l1xx_hal_cortex.o
                0x0000000008001d08                HAL_NVIC_EnableIRQ
 .text.HAL_SYSTICK_Config
                0x0000000008001d38       0x18 ./Drivers/STM32L1xx_HAL_Driver/Src/stm32l1xx_hal_cortex.o
                0x0000000008001d38                HAL_SYSTICK_Config
 .text.HAL_DAC_Init
                0x0000000008001d50       0x60 ./Drivers/STM32L1xx_HAL_Driver/Src/stm32l1xx_hal_dac.o
                0x0000000008001d50                HAL_DAC_Init
 .text.HAL_DAC_Start
                0x0000000008001db0       0xc4 ./Drivers/STM32L1xx_HAL_Driver/Src/stm32l1xx_hal_dac.o
                0x0000000008001db0                HAL_DAC_Start
 .text.HAL_DAC_SetValue
                0x0000000008001e74       0x9c ./Drivers/STM32L1xx_HAL_Driver/Src/stm32l1xx_hal_dac.o
                0x0000000008001e74                HAL_DAC_SetValue
 .text.HAL_DAC_ConfigChannel
                0x0000000008001f10      0x12c ./Drivers/STM32L1xx_HAL_Driver/Src/stm32l1xx_hal_dac.o
                0x0000000008001f10                HAL_DAC_ConfigChannel
 .text.HAL_DMA_Init
                0x000000000800203c      0x1fc ./Drivers/STM32L1xx_HAL_Driver/Src/stm32l1xx_hal_dma.o
                0x000000000800203c                HAL_DMA_Init
 .text.HAL_DMA_Start_IT
                0x0000000008002238       0xdc ./Drivers/STM32L1xx_HAL_Driver/Src/stm32l1xx_hal_dma.o
                0x0000000008002238                HAL_DMA_Start_IT
 .text.HAL_DMA_Abort
                0x0000000008002314       0x7a ./Drivers/STM32L1xx_HAL_Driver/Src/stm32l1xx_hal_dma.o
                0x0000000008002314                HAL_DMA_Abort
 .text.HAL_DMA_IRQHandler
                0x000000000800238e      0x15e ./Drivers/STM32L1xx_HAL_Driver/Src/stm32l1xx_hal_dma.o
                0x000000000800238e                HAL_DMA_IRQHandler
 .text.DMA_SetConfig
                0x00000000080024ec       0x5e ./Drivers/STM32L1xx_HAL_Driver/Src/stm32l1xx_hal_dma.o
 *fill*         0x000000000800254a        0x2 
 .text.HAL_GPIO_Init
                0x000000000800254c      0x498 ./Drivers/STM32L1xx_HAL_Driver/Src/stm32l1xx_hal_gpio.o
                0x000000000800254c                HAL_GPIO_Init
 .text.HAL_GPIO_WritePin
                0x00000000080029e4       0x64 ./Drivers/STM32L1xx_HAL_Driver/Src/stm32l1xx_hal_gpio.o
                0x00000000080029e4                HAL_GPIO_WritePin
 .text.HAL_PCD_Init
                0x0000000008002a48      0x1c0 ./Drivers/STM32L1xx_HAL_Driver/Src/stm32l1xx_hal_pcd.o
                0x0000000008002a48                HAL_PCD_Init
 .text.HAL_PCD_Start
                0x0000000008002c08       0x4c ./Drivers/STM32L1xx_HAL_Driver/Src/stm32l1xx_hal_pcd.o
                0x0000000008002c08                HAL_PCD_Start
 .text.HAL_PCD_IRQHandler
                0x0000000008002c54      0x1a8 ./Drivers/STM32L1xx_HAL_Driver/Src/stm32l1xx_hal_pcd.o
                0x0000000008002c54                HAL_PCD_IRQHandler
 .text.HAL_PCD_SetAddress
                0x0000000008002dfc       0x4a ./Drivers/STM32L1xx_HAL_Driver/Src/stm32l1xx_hal_pcd.o
                0x0000000008002dfc                HAL_PCD_SetAddress
 .text.HAL_PCD_EP_Open
                0x0000000008002e46       0xba ./Drivers/STM32L1xx_HAL_Driver/Src/stm32l1xx_hal_pcd.o
                0x0000000008002e46                HAL_PCD_EP_Open
 .text.HAL_PCD_EP_Close
                0x0000000008002f00       0x90 ./Drivers/STM32L1xx_HAL_Driver/Src/stm32l1xx_hal_pcd.o
                0x0000000008002f00                HAL_PCD_EP_Close
 .text.HAL_PCD_EP_Receive
                0x0000000008002f90       0x62 ./Drivers/STM32L1xx_HAL_Driver/Src/stm32l1xx_hal_pcd.o
                0x0000000008002f90                HAL_PCD_EP_Receive
 .text.HAL_PCD_EP_GetRxCount
                0x0000000008002ff2       0x2e ./Drivers/STM32L1xx_HAL_Driver/Src/stm32l1xx_hal_pcd.o
                0x0000000008002ff2                HAL_PCD_EP_GetRxCount
 .text.HAL_PCD_EP_Transmit
                0x0000000008003020       0x6e ./Drivers/STM32L1xx_HAL_Driver/Src/stm32l1xx_hal_pcd.o
                0x0000000008003020                HAL_PCD_EP_Transmit
 .text.HAL_PCD_EP_SetStall
                0x000000000800308e       0xa4 ./Drivers/STM32L1xx_HAL_Driver/Src/stm32l1xx_hal_pcd.o
                0x000000000800308e                HAL_PCD_EP_SetStall
 .text.HAL_PCD_EP_ClrStall
                0x0000000008003132       0xa8 ./Drivers/STM32L1xx_HAL_Driver/Src/stm32l1xx_hal_pcd.o
                0x0000000008003132                HAL_PCD_EP_ClrStall
 .text.PCD_EP_ISR_Handler
                0x00000000080031da      0x7a6 ./Drivers/STM32L1xx_HAL_Driver/Src/stm32l1xx_hal_pcd.o
 .text.HAL_PCD_EP_DB_Receive
                0x0000000008003980      0x21a ./Drivers/STM32L1xx_HAL_Driver/Src/stm32l1xx_hal_pcd.o
 .text.HAL_PCD_EP_DB_Transmit
                0x0000000008003b9a      0x7f4 ./Drivers/STM32L1xx_HAL_Driver/Src/stm32l1xx_hal_pcd.o
 .text.HAL_PCDEx_PMAConfig
                0x000000000800438e       0x84 ./Drivers/STM32L1xx_HAL_Driver/Src/stm32l1xx_hal_pcd_ex.o
                0x000000000800438e                HAL_PCDEx_PMAConfig
 *fill*         0x0000000008004412        0x2 
 .text.HAL_RCC_OscConfig
                0x0000000008004414      0x900 ./Drivers/STM32L1xx_HAL_Driver/Src/stm32l1xx_hal_rcc.o
                0x0000000008004414                HAL_RCC_OscConfig
 .text.HAL_RCC_ClockConfig
                0x0000000008004d14      0x37c ./Drivers/STM32L1xx_HAL_Driver/Src/stm32l1xx_hal_rcc.o
                0x0000000008004d14                HAL_RCC_ClockConfig
 .text.HAL_RCC_GetSysClockFreq
                0x0000000008005090      0x17c ./Drivers/STM32L1xx_HAL_Driver/Src/stm32l1xx_hal_rcc.o
                0x0000000008005090                HAL_RCC_GetSysClockFreq
 .text.RCC_SetFlashLatencyFromMSIRange
                0x000000000800520c       0xc0 ./Drivers/STM32L1xx_HAL_Driver/Src/stm32l1xx_hal_rcc.o
 .text.USB_EnableGlobalInt
                0x00000000080052cc       0x2c ./Drivers/STM32L1xx_HAL_Driver/Src/stm32l1xx_ll_usb.o
                0x00000000080052cc                USB_EnableGlobalInt
 .text.USB_DisableGlobalInt
                0x00000000080052f8       0x34 ./Drivers/STM32L1xx_HAL_Driver/Src/stm32l1xx_ll_usb.o
                0x00000000080052f8                USB_DisableGlobalInt
 .text.USB_DevInit
                0x000000000800532c       0x40 ./Drivers/STM32L1xx_HAL_Driver/Src/stm32l1xx_ll_usb.o
                0x000000000800532c                USB_DevInit
 .text.USB_ActivateEndpoint
                0x000000000800536c      0x780 ./Drivers/STM32L1xx_HAL_Driver/Src/stm32l1xx_ll_usb.o
                0x000000000800536c                USB_ActivateEndpoint
 .text.USB_DeactivateEndpoint
                0x0000000008005aec      0x3d8 ./Drivers/STM32L1xx_HAL_Driver/Src/stm32l1xx_ll_usb.o
                0x0000000008005aec                USB_DeactivateEndpoint
 .text.USB_EPStartXfer
                0x0000000008005ec4     0x1762 ./Drivers/STM32L1xx_HAL_Driver/Src/stm32l1xx_ll_usb.o
                0x0000000008005ec4                USB_EPStartXfer
 .text.USB_EPSetStall
                0x0000000008007626       0xa0 ./Drivers/STM32L1xx_HAL_Driver/Src/stm32l1xx_ll_usb.o
                0x0000000008007626                USB_EPSetStall
 .text.USB_EPClearStall
                0x00000000080076c6      0x15a ./Drivers/STM32L1xx_HAL_Driver/Src/stm32l1xx_ll_usb.o
                0x00000000080076c6                USB_EPClearStall
 .text.USB_SetDevAddress
                0x0000000008007820       0x26 ./Drivers/STM32L1xx_HAL_Driver/Src/stm32l1xx_ll_usb.o
                0x0000000008007820                USB_SetDevAddress
 .text.USB_DevConnect
                0x0000000008007846       0x14 ./Drivers/STM32L1xx_HAL_Driver/Src/stm32l1xx_ll_usb.o
                0x0000000008007846                USB_DevConnect
 .text.USB_ReadInterrupts
                0x000000000800785a       0x1e ./Drivers/STM32L1xx_HAL_Driver/Src/stm32l1xx_ll_usb.o
                0x000000000800785a                USB_ReadInterrupts
 .text.USB_WritePMA
                0x0000000008007878       0x8a ./Drivers/STM32L1xx_HAL_Driver/Src/stm32l1xx_ll_usb.o
                0x0000000008007878                USB_WritePMA
 .text.USB_ReadPMA
                0x0000000008007902       0x9e ./Drivers/STM32L1xx_HAL_Driver/Src/stm32l1xx_ll_usb.o
                0x0000000008007902                USB_ReadPMA
 .text.USBD_CDC_Init
                0x00000000080079a0       0xf4 ./Middlewares/ST/STM32_USB_Device_Library/Class/CDC/Src/usbd_cdc.o
 .text.USBD_CDC_DeInit
                0x0000000008007a94       0x6e ./Middlewares/ST/STM32_USB_Device_Library/Class/CDC/Src/usbd_cdc.o
 .text.USBD_CDC_Setup
                0x0000000008007b02      0x146 ./Middlewares/ST/STM32_USB_Device_Library/Class/CDC/Src/usbd_cdc.o
 .text.USBD_CDC_DataIn
                0x0000000008007c48       0xa6 ./Middlewares/ST/STM32_USB_Device_Library/Class/CDC/Src/usbd_cdc.o
 .text.USBD_CDC_DataOut
                0x0000000008007cee       0x56 ./Middlewares/ST/STM32_USB_Device_Library/Class/CDC/Src/usbd_cdc.o
 .text.USBD_CDC_EP0_RxReady
                0x0000000008007d44       0x50 ./Middlewares/ST/STM32_USB_Device_Library/Class/CDC/Src/usbd_cdc.o
 .text.USBD_CDC_GetFSCfgDesc
                0x0000000008007d94       0x20 ./Middlewares/ST/STM32_USB_Device_Library/Class/CDC/Src/usbd_cdc.o
 .text.USBD_CDC_GetHSCfgDesc
                0x0000000008007db4       0x20 ./Middlewares/ST/STM32_USB_Device_Library/Class/CDC/Src/usbd_cdc.o
 .text.USBD_CDC_GetOtherSpeedCfgDesc
                0x0000000008007dd4       0x20 ./Middlewares/ST/STM32_USB_Device_Library/Class/CDC/Src/usbd_cdc.o
 .text.USBD_CDC_GetDeviceQualifierDescriptor
                0x0000000008007df4       0x20 ./Middlewares/ST/STM32_USB_Device_Library/Class/CDC/Src/usbd_cdc.o
                0x0000000008007df4                USBD_CDC_GetDeviceQualifierDescriptor
 .text.USBD_CDC_RegisterInterface
                0x0000000008007e14       0x2c ./Middlewares/ST/STM32_USB_Device_Library/Class/CDC/Src/usbd_cdc.o
                0x0000000008007e14                USBD_CDC_RegisterInterface
 .text.USBD_CDC_SetTxBuffer
                0x0000000008007e40       0x32 ./Middlewares/ST/STM32_USB_Device_Library/Class/CDC/Src/usbd_cdc.o
                0x0000000008007e40                USBD_CDC_SetTxBuffer
 .text.USBD_CDC_SetRxBuffer
                0x0000000008007e72       0x26 ./Middlewares/ST/STM32_USB_Device_Library/Class/CDC/Src/usbd_cdc.o
                0x0000000008007e72                USBD_CDC_SetRxBuffer
 .text.USBD_CDC_TransmitPacket
                0x0000000008007e98       0x5e ./Middlewares/ST/STM32_USB_Device_Library/Class/CDC/Src/usbd_cdc.o
                0x0000000008007e98                USBD_CDC_TransmitPacket
 .text.USBD_CDC_ReceivePacket
                0x0000000008007ef6       0x54 ./Middlewares/ST/STM32_USB_Device_Library/Class/CDC/Src/usbd_cdc.o
                0x0000000008007ef6                USBD_CDC_ReceivePacket
 .text.USBD_Init
                0x0000000008007f4a       0x56 ./Middlewares/ST/STM32_USB_Device_Library/Core/Src/usbd_core.o
                0x0000000008007f4a                USBD_Init
 .text.USBD_RegisterClass
                0x0000000008007fa0       0x32 ./Middlewares/ST/STM32_USB_Device_Library/Core/Src/usbd_core.o
                0x0000000008007fa0                USBD_RegisterClass
 .text.USBD_Start
                0x0000000008007fd2       0x18 ./Middlewares/ST/STM32_USB_Device_Library/Core/Src/usbd_core.o
                0x0000000008007fd2                USBD_Start
 .text.USBD_RunTestMode
                0x0000000008007fea       0x14 ./Middlewares/ST/STM32_USB_Device_Library/Core/Src/usbd_core.o
                0x0000000008007fea                USBD_RunTestMode
 .text.USBD_SetClassConfig
                0x0000000008007ffe       0x3e ./Middlewares/ST/STM32_USB_Device_Library/Core/Src/usbd_core.o
                0x0000000008007ffe                USBD_SetClassConfig
 .text.USBD_ClrClassConfig
                0x000000000800803c       0x26 ./Middlewares/ST/STM32_USB_Device_Library/Core/Src/usbd_core.o
                0x000000000800803c                USBD_ClrClassConfig
 .text.USBD_LL_SetupStage
                0x0000000008008062       0x9a ./Middlewares/ST/STM32_USB_Device_Library/Core/Src/usbd_core.o
                0x0000000008008062                USBD_LL_SetupStage
 .text.USBD_LL_DataOutStage
                0x00000000080080fc       0xe2 ./Middlewares/ST/STM32_USB_Device_Library/Core/Src/usbd_core.o
                0x00000000080080fc                USBD_LL_DataOutStage
 .text.USBD_LL_DataInStage
                0x00000000080081de      0x14a ./Middlewares/ST/STM32_USB_Device_Library/Core/Src/usbd_core.o
                0x00000000080081de                USBD_LL_DataInStage
 .text.USBD_LL_Reset
                0x0000000008008328       0x82 ./Middlewares/ST/STM32_USB_Device_Library/Core/Src/usbd_core.o
                0x0000000008008328                USBD_LL_Reset
 .text.USBD_LL_SetSpeed
                0x00000000080083aa       0x1e ./Middlewares/ST/STM32_USB_Device_Library/Core/Src/usbd_core.o
                0x00000000080083aa                USBD_LL_SetSpeed
 .text.USBD_LL_Suspend
                0x00000000080083c8       0x28 ./Middlewares/ST/STM32_USB_Device_Library/Core/Src/usbd_core.o
                0x00000000080083c8                USBD_LL_Suspend
 .text.USBD_LL_Resume
                0x00000000080083f0       0x20 ./Middlewares/ST/STM32_USB_Device_Library/Core/Src/usbd_core.o
                0x00000000080083f0                USBD_LL_Resume
 .text.USBD_LL_SOF
                0x0000000008008410       0x34 ./Middlewares/ST/STM32_USB_Device_Library/Core/Src/usbd_core.o
                0x0000000008008410                USBD_LL_SOF
 .text.USBD_StdDevReq
                0x0000000008008444       0xd4 ./Middlewares/ST/STM32_USB_Device_Library/Core/Src/usbd_ctlreq.o
                0x0000000008008444                USBD_StdDevReq
 .text.USBD_StdItfReq
                0x0000000008008518       0x90 ./Middlewares/ST/STM32_USB_Device_Library/Core/Src/usbd_ctlreq.o
                0x0000000008008518                USBD_StdItfReq
 .text.USBD_StdEPReq
                0x00000000080085a8      0x2c2 ./Middlewares/ST/STM32_USB_Device_Library/Core/Src/usbd_ctlreq.o
                0x00000000080085a8                USBD_StdEPReq
 *fill*         0x000000000800886a        0x2 
 .text.USBD_GetDescriptor
                0x000000000800886c      0x1f4 ./Middlewares/ST/STM32_USB_Device_Library/Core/Src/usbd_ctlreq.o
 .text.USBD_SetAddress
                0x0000000008008a60       0x86 ./Middlewares/ST/STM32_USB_Device_Library/Core/Src/usbd_ctlreq.o
 *fill*         0x0000000008008ae6        0x2 
 .text.USBD_SetConfig
                0x0000000008008ae8      0x11c ./Middlewares/ST/STM32_USB_Device_Library/Core/Src/usbd_ctlreq.o
 .text.USBD_GetConfig
                0x0000000008008c04       0x6a ./Middlewares/ST/STM32_USB_Device_Library/Core/Src/usbd_ctlreq.o
 .text.USBD_GetStatus
                0x0000000008008c6e       0x66 ./Middlewares/ST/STM32_USB_Device_Library/Core/Src/usbd_ctlreq.o
 .text.USBD_SetFeature
                0x0000000008008cd4       0x28 ./Middlewares/ST/STM32_USB_Device_Library/Core/Src/usbd_ctlreq.o
 .text.USBD_ClrFeature
                0x0000000008008cfc       0x42 ./Middlewares/ST/STM32_USB_Device_Library/Core/Src/usbd_ctlreq.o
 .text.USBD_ParseSetupRequest
                0x0000000008008d3e       0x78 ./Middlewares/ST/STM32_USB_Device_Library/Core/Src/usbd_ctlreq.o
                0x0000000008008d3e                USBD_ParseSetupRequest
 .text.USBD_CtlError
                0x0000000008008db6       0x22 ./Middlewares/ST/STM32_USB_Device_Library/Core/Src/usbd_ctlreq.o
                0x0000000008008db6                USBD_CtlError
 .text.USBD_GetString
                0x0000000008008dd8       0x84 ./Middlewares/ST/STM32_USB_Device_Library/Core/Src/usbd_ctlreq.o
                0x0000000008008dd8                USBD_GetString
 .text.USBD_GetLen
                0x0000000008008e5c       0x2e ./Middlewares/ST/STM32_USB_Device_Library/Core/Src/usbd_ctlreq.o
 .text.USBD_CtlSendData
                0x0000000008008e8a       0x38 ./Middlewares/ST/STM32_USB_Device_Library/Core/Src/usbd_ioreq.o
                0x0000000008008e8a                USBD_CtlSendData
 .text.USBD_CtlContinueSendData
                0x0000000008008ec2       0x24 ./Middlewares/ST/STM32_USB_Device_Library/Core/Src/usbd_ioreq.o
                0x0000000008008ec2                USBD_CtlContinueSendData
 .text.USBD_CtlPrepareRx
                0x0000000008008ee6       0x3c ./Middlewares/ST/STM32_USB_Device_Library/Core/Src/usbd_ioreq.o
                0x0000000008008ee6                USBD_CtlPrepareRx
 .text.USBD_CtlContinueRx
                0x0000000008008f22       0x24 ./Middlewares/ST/STM32_USB_Device_Library/Core/Src/usbd_ioreq.o
                0x0000000008008f22                USBD_CtlContinueRx
 .text.USBD_CtlSendStatus
                0x0000000008008f46       0x26 ./Middlewares/ST/STM32_USB_Device_Library/Core/Src/usbd_ioreq.o
                0x0000000008008f46                USBD_CtlSendStatus
 .text.USBD_CtlReceiveStatus
                0x0000000008008f6c       0x26 ./Middlewares/ST/STM32_USB_Device_Library/Core/Src/usbd_ioreq.o
                0x0000000008008f6c                USBD_CtlReceiveStatus
 *fill*         0x0000000008008f92        0x2 
 .text.MX_USB_DEVICE_Init
                0x0000000008008f94       0x60 ./USB_DEVICE/App/usb_device.o
                0x0000000008008f94                MX_USB_DEVICE_Init
 .text.CDC_Init_FS
                0x0000000008008ff4       0x28 ./USB_DEVICE/App/usbd_cdc_if.o
 .text.CDC_DeInit_FS
                0x000000000800901c        0xe ./USB_DEVICE/App/usbd_cdc_if.o
 *fill*         0x000000000800902a        0x2 
 .text.CDC_Control_FS
                0x000000000800902c       0xbc ./USB_DEVICE/App/usbd_cdc_if.o
 .text.CDC_Receive_FS
                0x00000000080090e8       0x4c ./USB_DEVICE/App/usbd_cdc_if.o
 .text.CDC_Transmit_FS
                0x0000000008009134       0x4c ./USB_DEVICE/App/usbd_cdc_if.o
                0x0000000008009134                CDC_Transmit_FS
 .text.USBD_FS_DeviceDescriptor
                0x0000000008009180       0x24 ./USB_DEVICE/App/usbd_desc.o
                0x0000000008009180                USBD_FS_DeviceDescriptor
 .text.USBD_FS_LangIDStrDescriptor
                0x00000000080091a4       0x24 ./USB_DEVICE/App/usbd_desc.o
                0x00000000080091a4                USBD_FS_LangIDStrDescriptor
 .text.USBD_FS_ProductStrDescriptor
                0x00000000080091c8       0x3c ./USB_DEVICE/App/usbd_desc.o
                0x00000000080091c8                USBD_FS_ProductStrDescriptor
 .text.USBD_FS_ManufacturerStrDescriptor
                0x0000000008009204       0x28 ./USB_DEVICE/App/usbd_desc.o
                0x0000000008009204                USBD_FS_ManufacturerStrDescriptor
 .text.USBD_FS_SerialStrDescriptor
                0x000000000800922c       0x24 ./USB_DEVICE/App/usbd_desc.o
                0x000000000800922c                USBD_FS_SerialStrDescriptor
 .text.USBD_FS_ConfigStrDescriptor
                0x0000000008009250       0x3c ./USB_DEVICE/App/usbd_desc.o
                0x0000000008009250                USBD_FS_ConfigStrDescriptor
 .text.USBD_FS_InterfaceStrDescriptor
                0x000000000800928c       0x3c ./USB_DEVICE/App/usbd_desc.o
                0x000000000800928c                USBD_FS_InterfaceStrDescriptor
 .text.Get_SerialNum
                0x00000000080092c8       0x58 ./USB_DEVICE/App/usbd_desc.o
 .text.IntToUnicode
                0x0000000008009320       0x7c ./USB_DEVICE/App/usbd_desc.o
 .text.HAL_PCDEx_SetConnectionState
                0x000000000800939c       0x3c ./USB_DEVICE/Target/usbd_conf.o
                0x000000000800939c                HAL_PCDEx_SetConnectionState
 .text.HAL_PCD_MspInit
                0x00000000080093d8       0x4c ./USB_DEVICE/Target/usbd_conf.o
                0x00000000080093d8                HAL_PCD_MspInit
 .text.HAL_PCD_SetupStageCallback
                0x0000000008009424       0x24 ./USB_DEVICE/Target/usbd_conf.o
                0x0000000008009424                HAL_PCD_SetupStageCallback
 .text.HAL_PCD_DataOutStageCallback
                0x0000000008009448       0x36 ./USB_DEVICE/Target/usbd_conf.o
                0x0000000008009448                HAL_PCD_DataOutStageCallback
 .text.HAL_PCD_DataInStageCallback
                0x000000000800947e       0x34 ./USB_DEVICE/Target/usbd_conf.o
                0x000000000800947e                HAL_PCD_DataInStageCallback
 .text.HAL_PCD_SOFCallback
                0x00000000080094b2       0x1c ./USB_DEVICE/Target/usbd_conf.o
                0x00000000080094b2                HAL_PCD_SOFCallback
 .text.HAL_PCD_ResetCallback
                0x00000000080094ce       0x3c ./USB_DEVICE/Target/usbd_conf.o
                0x00000000080094ce                HAL_PCD_ResetCallback
 *fill*         0x000000000800950a        0x2 
 .text.HAL_PCD_SuspendCallback
                0x000000000800950c       0x34 ./USB_DEVICE/Target/usbd_conf.o
                0x000000000800950c                HAL_PCD_SuspendCallback
 .text.HAL_PCD_ResumeCallback
                0x0000000008009540       0x1c ./USB_DEVICE/Target/usbd_conf.o
                0x0000000008009540                HAL_PCD_ResumeCallback
 .text.USBD_LL_Init
                0x000000000800955c       0xb4 ./USB_DEVICE/Target/usbd_conf.o
                0x000000000800955c                USBD_LL_Init
 .text.USBD_LL_Start
                0x0000000008009610       0x36 ./USB_DEVICE/Target/usbd_conf.o
                0x0000000008009610                USBD_LL_Start
 .text.USBD_LL_OpenEP
                0x0000000008009646       0x4c ./USB_DEVICE/Target/usbd_conf.o
                0x0000000008009646                USBD_LL_OpenEP
 .text.USBD_LL_CloseEP
                0x0000000008009692       0x3e ./USB_DEVICE/Target/usbd_conf.o
                0x0000000008009692                USBD_LL_CloseEP
 .text.USBD_LL_StallEP
                0x00000000080096d0       0x3e ./USB_DEVICE/Target/usbd_conf.o
                0x00000000080096d0                USBD_LL_StallEP
 .text.USBD_LL_ClearStallEP
                0x000000000800970e       0x3e ./USB_DEVICE/Target/usbd_conf.o
                0x000000000800970e                USBD_LL_ClearStallEP
 .text.USBD_LL_IsStallEP
                0x000000000800974c       0x58 ./USB_DEVICE/Target/usbd_conf.o
                0x000000000800974c                USBD_LL_IsStallEP
 .text.USBD_LL_SetUSBAddress
                0x00000000080097a4       0x3e ./USB_DEVICE/Target/usbd_conf.o
                0x00000000080097a4                USBD_LL_SetUSBAddress
 .text.USBD_LL_Transmit
                0x00000000080097e2       0x46 ./USB_DEVICE/Target/usbd_conf.o
                0x00000000080097e2                USBD_LL_Transmit
 .text.USBD_LL_PrepareReceive
                0x0000000008009828       0x46 ./USB_DEVICE/Target/usbd_conf.o
                0x0000000008009828                USBD_LL_PrepareReceive
 .text.USBD_LL_GetRxDataSize
                0x000000000800986e       0x26 ./USB_DEVICE/Target/usbd_conf.o
                0x000000000800986e                USBD_LL_GetRxDataSize
 .text.USBD_static_malloc
                0x0000000008009894       0x18 ./USB_DEVICE/Target/usbd_conf.o
                0x0000000008009894                USBD_static_malloc
 .text.USBD_static_free
                0x00000000080098ac       0x12 ./USB_DEVICE/Target/usbd_conf.o
                0x00000000080098ac                USBD_static_free
 *fill*         0x00000000080098be        0x2 
 .text.USBD_Get_USB_Status
                0x00000000080098c0       0x58 ./USB_DEVICE/Target/usbd_conf.o
 .text.usb_callback
                0x0000000008009918      0x238 ./User/Src/kernel_rxtx.o
                0x0000000008009918                usb_callback
 .text.calc_voltage_raw
                0x0000000008009b50       0xa0 ./User/Src/kernel_rxtx.o
                0x0000000008009b50                calc_voltage_raw
 .text.HAL_ADC_ConvCpltCallback
                0x0000000008009bf0       0x40 ./User/Src/kernel_rxtx.o
                0x0000000008009bf0                HAL_ADC_ConvCpltCallback
 .text.kernel_init
                0x0000000008009c30      0x100 ./User/Src/kernel_rxtx.o
                0x0000000008009c30                kernel_init
 .text.kernel_main
                0x0000000008009d30       0x10 ./User/Src/kernel_rxtx.o
                0x0000000008009d30                kernel_main
 .text.usb_add_uint8
                0x0000000008009d40       0x48 ./User/Src/usb_snd.o
                0x0000000008009d40                usb_add_uint8
 .text.usb_add_uint16
                0x0000000008009d88       0x74 ./User/Src/usb_snd.o
                0x0000000008009d88                usb_add_uint16
 .text.usb_add_uint32
                0x0000000008009dfc       0xc0 ./User/Src/usb_snd.o
                0x0000000008009dfc                usb_add_uint32
 .text.usb_rst_cursor
                0x0000000008009ebc       0x18 ./User/Src/usb_snd.o
                0x0000000008009ebc                usb_rst_cursor
 .text.usb_send_buff
                0x0000000008009ed4       0xf8 ./User/Src/usb_snd.o
                0x0000000008009ed4                usb_send_buff
 .text.usb_def_callback
                0x0000000008009fcc       0x16 ./User/Src/usb_snd.o
                0x0000000008009fcc                usb_def_callback
 *fill*         0x0000000008009fe2        0x2 
 .text.usb_set_callback
                0x0000000008009fe4       0x1c ./User/Src/usb_snd.o
                0x0000000008009fe4                usb_set_callback
 .text.usb_recv
                0x000000000800a000       0xc8 ./User/Src/usb_snd.o
                0x000000000800a000                usb_recv
 .text.__libc_init_array
                0x000000000800a0c8       0x48 c:/st/stm32cubeide_1.9.0/stm32cubeide/plugins/com.st.stm32cube.ide.mcu.externaltools.gnu-tools-for-stm32.10.3-2021.10.win32_1.0.200.202301161003/tools/bin/../lib/gcc/arm-none-eabi/10.3.1/../../../../arm-none-eabi/lib/thumb/v7-m/nofp\libc_nano.a(lib_a-init.o)
                0x000000000800a0c8                __libc_init_array
 .text.memset   0x000000000800a110       0x10 c:/st/stm32cubeide_1.9.0/stm32cubeide/plugins/com.st.stm32cube.ide.mcu.externaltools.gnu-tools-for-stm32.10.3-2021.10.win32_1.0.200.202301161003/tools/bin/../lib/gcc/arm-none-eabi/10.3.1/../../../../arm-none-eabi/lib/thumb/v7-m/nofp\libc_nano.a(lib_a-memset.o)
                0x000000000800a110                memset
 *(.glue_7)
 .glue_7        0x000000000800a120        0x0 linker stubs
 *(.glue_7t)
 .glue_7t       0x000000000800a120        0x0 linker stubs
 *(.eh_frame)
 .eh_frame      0x000000000800a120        0x0 c:/st/stm32cubeide_1.9.0/stm32cubeide/plugins/com.st.stm32cube.ide.mcu.externaltools.gnu-tools-for-stm32.10.3-2021.10.win32_1.0.200.202301161003/tools/bin/../lib/gcc/arm-none-eabi/10.3.1/thumb/v7-m/nofp/crtbegin.o
 *(.init)
 .init          0x000000000800a120        0x4 c:/st/stm32cubeide_1.9.0/stm32cubeide/plugins/com.st.stm32cube.ide.mcu.externaltools.gnu-tools-for-stm32.10.3-2021.10.win32_1.0.200.202301161003/tools/bin/../lib/gcc/arm-none-eabi/10.3.1/thumb/v7-m/nofp/crti.o
                0x000000000800a120                _init
 .init          0x000000000800a124        0x8 c:/st/stm32cubeide_1.9.0/stm32cubeide/plugins/com.st.stm32cube.ide.mcu.externaltools.gnu-tools-for-stm32.10.3-2021.10.win32_1.0.200.202301161003/tools/bin/../lib/gcc/arm-none-eabi/10.3.1/thumb/v7-m/nofp/crtn.o
 *(.fini)
 .fini          0x000000000800a12c        0x4 c:/st/stm32cubeide_1.9.0/stm32cubeide/plugins/com.st.stm32cube.ide.mcu.externaltools.gnu-tools-for-stm32.10.3-2021.10.win32_1.0.200.202301161003/tools/bin/../lib/gcc/arm-none-eabi/10.3.1/thumb/v7-m/nofp/crti.o
                0x000000000800a12c                _fini
 .fini          0x000000000800a130        0x8 c:/st/stm32cubeide_1.9.0/stm32cubeide/plugins/com.st.stm32cube.ide.mcu.externaltools.gnu-tools-for-stm32.10.3-2021.10.win32_1.0.200.202301161003/tools/bin/../lib/gcc/arm-none-eabi/10.3.1/thumb/v7-m/nofp/crtn.o
                0x000000000800a138                . = ALIGN (0x4)
                0x000000000800a138                _etext = .

.vfp11_veneer   0x000000000800a138        0x0
 .vfp11_veneer  0x000000000800a138        0x0 linker stubs

.v4_bx          0x000000000800a138        0x0
 .v4_bx         0x000000000800a138        0x0 linker stubs

.iplt           0x000000000800a138        0x0
 .iplt          0x000000000800a138        0x0 c:/st/stm32cubeide_1.9.0/stm32cubeide/plugins/com.st.stm32cube.ide.mcu.externaltools.gnu-tools-for-stm32.10.3-2021.10.win32_1.0.200.202301161003/tools/bin/../lib/gcc/arm-none-eabi/10.3.1/thumb/v7-m/nofp/crtbegin.o

.rodata         0x000000000800a138      0x1f4
                0x000000000800a138                . = ALIGN (0x4)
 *(.rodata)
 .rodata        0x000000000800a138       0x38 ./Drivers/STM32L1xx_HAL_Driver/Src/stm32l1xx_hal_adc.o
 .rodata        0x000000000800a170       0x3b ./Drivers/STM32L1xx_HAL_Driver/Src/stm32l1xx_hal_cortex.o
 *fill*         0x000000000800a1ab        0x1 
 .rodata        0x000000000800a1ac       0x38 ./Drivers/STM32L1xx_HAL_Driver/Src/stm32l1xx_hal_dac.o
 .rodata        0x000000000800a1e4       0x38 ./Drivers/STM32L1xx_HAL_Driver/Src/stm32l1xx_hal_dma.o
 .rodata        0x000000000800a21c       0x39 ./Drivers/STM32L1xx_HAL_Driver/Src/stm32l1xx_hal_gpio.o
 *fill*         0x000000000800a255        0x3 
 .rodata        0x000000000800a258       0x38 ./Drivers/STM32L1xx_HAL_Driver/Src/stm32l1xx_hal_pcd.o
 .rodata        0x000000000800a290       0x38 ./Drivers/STM32L1xx_HAL_Driver/Src/stm32l1xx_hal_rcc.o
 .rodata        0x000000000800a2c8       0x46 ./USB_DEVICE/App/usbd_desc.o
 *(.rodata*)
 *fill*         0x000000000800a30e        0x2 
 .rodata.PLLMulTable
                0x000000000800a310        0x9 ./Core/Src/system_stm32l1xx.o
                0x000000000800a310                PLLMulTable
 *fill*         0x000000000800a319        0x3 
 .rodata.AHBPrescTable
                0x000000000800a31c       0x10 ./Core/Src/system_stm32l1xx.o
                0x000000000800a31c                AHBPrescTable
                0x000000000800a32c                . = ALIGN (0x4)

.ARM.extab      0x000000000800a32c        0x0
                0x000000000800a32c                . = ALIGN (0x4)
 *(.ARM.extab* .gnu.linkonce.armextab.*)
                0x000000000800a32c                . = ALIGN (0x4)

.ARM            0x000000000800a32c        0x8
                0x000000000800a32c                . = ALIGN (0x4)
                0x000000000800a32c                __exidx_start = .
 *(.ARM.exidx*)
 .ARM.exidx     0x000000000800a32c        0x8 c:/st/stm32cubeide_1.9.0/stm32cubeide/plugins/com.st.stm32cube.ide.mcu.externaltools.gnu-tools-for-stm32.10.3-2021.10.win32_1.0.200.202301161003/tools/bin/../lib/gcc/arm-none-eabi/10.3.1/thumb/v7-m/nofp\libgcc.a(_udivmoddi4.o)
                0x000000000800a334                __exidx_end = .
                0x000000000800a334                . = ALIGN (0x4)

.rel.dyn        0x000000000800a334        0x0
 .rel.iplt      0x000000000800a334        0x0 c:/st/stm32cubeide_1.9.0/stm32cubeide/plugins/com.st.stm32cube.ide.mcu.externaltools.gnu-tools-for-stm32.10.3-2021.10.win32_1.0.200.202301161003/tools/bin/../lib/gcc/arm-none-eabi/10.3.1/thumb/v7-m/nofp/crtbegin.o

.preinit_array  0x000000000800a334        0x0
                0x000000000800a334                . = ALIGN (0x4)
                0x000000000800a334                PROVIDE (__preinit_array_start = .)
 *(.preinit_array*)
                0x000000000800a334                PROVIDE (__preinit_array_end = .)
                0x000000000800a334                . = ALIGN (0x4)

.init_array     0x000000000800a334        0x4
                0x000000000800a334                . = ALIGN (0x4)
                0x000000000800a334                PROVIDE (__init_array_start = .)
 *(SORT_BY_NAME(.init_array.*))
 *(.init_array*)
 .init_array    0x000000000800a334        0x4 c:/st/stm32cubeide_1.9.0/stm32cubeide/plugins/com.st.stm32cube.ide.mcu.externaltools.gnu-tools-for-stm32.10.3-2021.10.win32_1.0.200.202301161003/tools/bin/../lib/gcc/arm-none-eabi/10.3.1/thumb/v7-m/nofp/crtbegin.o
                0x000000000800a338                PROVIDE (__init_array_end = .)
                0x000000000800a338                . = ALIGN (0x4)

.fini_array     0x000000000800a338        0x4
                0x000000000800a338                . = ALIGN (0x4)
                [!provide]                        PROVIDE (__fini_array_start = .)
 *(SORT_BY_NAME(.fini_array.*))
 *(.fini_array*)
 .fini_array    0x000000000800a338        0x4 c:/st/stm32cubeide_1.9.0/stm32cubeide/plugins/com.st.stm32cube.ide.mcu.externaltools.gnu-tools-for-stm32.10.3-2021.10.win32_1.0.200.202301161003/tools/bin/../lib/gcc/arm-none-eabi/10.3.1/thumb/v7-m/nofp/crtbegin.o
                [!provide]                        PROVIDE (__fini_array_end = .)
                0x000000000800a33c                . = ALIGN (0x4)
                0x000000000800a33c                _sidata = LOADADDR (.data)

.data           0x0000000020000000      0x180 load address 0x000000000800a33c
                0x0000000020000000                . = ALIGN (0x4)
                0x0000000020000000                _sdata = .
 *(.data)
 *(.data*)
 .data.SystemCoreClock
                0x0000000020000000        0x4 ./Core/Src/system_stm32l1xx.o
                0x0000000020000000                SystemCoreClock
 .data.uwTickPrio
                0x0000000020000004        0x4 ./Drivers/STM32L1xx_HAL_Driver/Src/stm32l1xx_hal.o
                0x0000000020000004                uwTickPrio
 .data.uwTickFreq
                0x0000000020000008        0x4 ./Drivers/STM32L1xx_HAL_Driver/Src/stm32l1xx_hal.o
                0x0000000020000008                uwTickFreq
 .data.USBD_CDC_DeviceQualifierDesc
                0x000000002000000c        0xa ./Middlewares/ST/STM32_USB_Device_Library/Class/CDC/Src/usbd_cdc.o
 *fill*         0x0000000020000016        0x2 
 .data.USBD_CDC
                0x0000000020000018       0x38 ./Middlewares/ST/STM32_USB_Device_Library/Class/CDC/Src/usbd_cdc.o
                0x0000000020000018                USBD_CDC
 .data.USBD_CDC_CfgHSDesc
                0x0000000020000050       0x43 ./Middlewares/ST/STM32_USB_Device_Library/Class/CDC/Src/usbd_cdc.o
                0x0000000020000050                USBD_CDC_CfgHSDesc
 *fill*         0x0000000020000093        0x1 
 .data.USBD_CDC_CfgFSDesc
                0x0000000020000094       0x43 ./Middlewares/ST/STM32_USB_Device_Library/Class/CDC/Src/usbd_cdc.o
                0x0000000020000094                USBD_CDC_CfgFSDesc
 *fill*         0x00000000200000d7        0x1 
 .data.USBD_CDC_OtherSpeedCfgDesc
                0x00000000200000d8       0x43 ./Middlewares/ST/STM32_USB_Device_Library/Class/CDC/Src/usbd_cdc.o
                0x00000000200000d8                USBD_CDC_OtherSpeedCfgDesc
 *fill*         0x000000002000011b        0x1 
 .data.USBD_Interface_fops_FS
                0x000000002000011c       0x10 ./USB_DEVICE/App/usbd_cdc_if.o
                0x000000002000011c                USBD_Interface_fops_FS
 .data.FS_Desc  0x000000002000012c       0x1c ./USB_DEVICE/App/usbd_desc.o
                0x000000002000012c                FS_Desc
 .data.USBD_FS_DeviceDesc
                0x0000000020000148       0x12 ./USB_DEVICE/App/usbd_desc.o
                0x0000000020000148                USBD_FS_DeviceDesc
 *fill*         0x000000002000015a        0x2 
 .data.USBD_LangIDDesc
                0x000000002000015c        0x4 ./USB_DEVICE/App/usbd_desc.o
                0x000000002000015c                USBD_LangIDDesc
 .data.USBD_StringSerial
                0x0000000020000160       0x1a ./USB_DEVICE/App/usbd_desc.o
                0x0000000020000160                USBD_StringSerial
 .data.last_statius
                0x000000002000017a        0x1 ./User/Src/usb_snd.o
                0x000000002000017a                last_statius
 *fill*         0x000000002000017b        0x1 
 .data.f_rx     0x000000002000017c        0x4 ./User/Src/usb_snd.o
                0x000000002000017c                f_rx
 *(.RamFunc)
 *(.RamFunc*)
                0x0000000020000180                . = ALIGN (0x4)
                0x0000000020000180                _edata = .

.igot.plt       0x0000000020000180        0x0 load address 0x000000000800a4bc
 .igot.plt      0x0000000020000180        0x0 c:/st/stm32cubeide_1.9.0/stm32cubeide/plugins/com.st.stm32cube.ide.mcu.externaltools.gnu-tools-for-stm32.10.3-2021.10.win32_1.0.200.202301161003/tools/bin/../lib/gcc/arm-none-eabi/10.3.1/thumb/v7-m/nofp/crtbegin.o
                0x0000000020000180                . = ALIGN (0x4)

.bss            0x0000000020000180     0x1528 load address 0x000000000800a4bc
                0x0000000020000180                _sbss = .
                0x0000000020000180                __bss_start__ = _sbss
 *(.bss)
 .bss           0x0000000020000180       0x1c c:/st/stm32cubeide_1.9.0/stm32cubeide/plugins/com.st.stm32cube.ide.mcu.externaltools.gnu-tools-for-stm32.10.3-2021.10.win32_1.0.200.202301161003/tools/bin/../lib/gcc/arm-none-eabi/10.3.1/thumb/v7-m/nofp/crtbegin.o
 *(.bss*)
 .bss.hadc      0x000000002000019c       0x54 ./Core/Src/adc.o
                0x000000002000019c                hadc
 .bss.hdma_adc  0x00000000200001f0       0x44 ./Core/Src/adc.o
                0x00000000200001f0                hdma_adc
 .bss.hdac      0x0000000020000234       0x14 ./Core/Src/dac.o
                0x0000000020000234                hdac
 .bss.uwTick    0x0000000020000248        0x4 ./Drivers/STM32L1xx_HAL_Driver/Src/stm32l1xx_hal.o
                0x0000000020000248                uwTick
 .bss.cfgidx.0  0x000000002000024c        0x1 ./Middlewares/ST/STM32_USB_Device_Library/Core/Src/usbd_ctlreq.o
 *fill*         0x000000002000024d        0x3 
 .bss.hUsbDeviceFS
                0x0000000020000250      0x29c ./USB_DEVICE/App/usb_device.o
                0x0000000020000250                hUsbDeviceFS
 .bss.UserRxBufferFS
                0x00000000200004ec      0x3e8 ./USB_DEVICE/App/usbd_cdc_if.o
                0x00000000200004ec                UserRxBufferFS
 .bss.UserTxBufferFS
                0x00000000200008d4      0x3e8 ./USB_DEVICE/App/usbd_cdc_if.o
                0x00000000200008d4                UserTxBufferFS
 .bss.USBD_StrDesc
                0x0000000020000cbc      0x200 ./USB_DEVICE/App/usbd_desc.o
                0x0000000020000cbc                USBD_StrDesc
 .bss.hpcd_USB_FS
                0x0000000020000ebc      0x2ec ./USB_DEVICE/Target/usbd_conf.o
                0x0000000020000ebc                hpcd_USB_FS
 .bss.mem.0     0x00000000200011a8      0x220 ./USB_DEVICE/Target/usbd_conf.o
 .bss.adc_data  0x00000000200013c8       0xc0 ./User/Src/kernel_rxtx.o
                0x00000000200013c8                adc_data
 .bss.adc_data_raw
                0x0000000020001488       0x18 ./User/Src/kernel_rxtx.o
                0x0000000020001488                adc_data_raw
 .bss.adc_conv_flag
                0x00000000200014a0        0x1 ./User/Src/kernel_rxtx.o
                0x00000000200014a0                adc_conv_flag
 .bss.usb_cursor
                0x00000000200014a1        0x1 ./User/Src/usb_snd.o
                0x00000000200014a1                usb_cursor
 .bss.usb_len   0x00000000200014a2        0x2 ./User/Src/usb_snd.o
                0x00000000200014a2                usb_len
 .bss.usb_buff  0x00000000200014a4      0x100 ./User/Src/usb_snd.o
                0x00000000200014a4                usb_buff
 .bss.usb_rx    0x00000000200015a4      0x100 ./User/Src/usb_snd.o
                0x00000000200015a4                usb_rx
 .bss.usb_ln    0x00000000200016a4        0x1 ./User/Src/usb_snd.o
                0x00000000200016a4                usb_ln
 .bss.usb_stp   0x00000000200016a5        0x1 ./User/Src/usb_snd.o
                0x00000000200016a5                usb_stp
 *(COMMON)
                0x00000000200016a8                . = ALIGN (0x4)
 *fill*         0x00000000200016a6        0x2 
                0x00000000200016a8                _ebss = .
                0x00000000200016a8                __bss_end__ = _ebss

._user_heap_stack
                0x00000000200016a8      0x600 load address 0x000000000800a4bc
                0x00000000200016a8                . = ALIGN (0x8)
                [!provide]                        PROVIDE (end = .)
                0x00000000200016a8                PROVIDE (_end = .)
                0x00000000200018a8                . = (. + _Min_Heap_Size)
 *fill*         0x00000000200016a8      0x200 
                0x0000000020001ca8                . = (. + _Min_Stack_Size)
 *fill*         0x00000000200018a8      0x400 
                0x0000000020001ca8                . = ALIGN (0x8)

/DISCARD/
 libc.a(*)
 libm.a(*)
 libgcc.a(*)

.ARM.attributes
                0x0000000000000000       0x29
 *(.ARM.attributes)
 .ARM.attributes
                0x0000000000000000       0x1d c:/st/stm32cubeide_1.9.0/stm32cubeide/plugins/com.st.stm32cube.ide.mcu.externaltools.gnu-tools-for-stm32.10.3-2021.10.win32_1.0.200.202301161003/tools/bin/../lib/gcc/arm-none-eabi/10.3.1/thumb/v7-m/nofp/crti.o
 .ARM.attributes
                0x000000000000001d       0x2d c:/st/stm32cubeide_1.9.0/stm32cubeide/plugins/com.st.stm32cube.ide.mcu.externaltools.gnu-tools-for-stm32.10.3-2021.10.win32_1.0.200.202301161003/tools/bin/../lib/gcc/arm-none-eabi/10.3.1/thumb/v7-m/nofp/crtbegin.o
 .ARM.attributes
                0x000000000000004a       0x2d ./Core/Src/adc.o
 .ARM.attributes
                0x0000000000000077       0x2d ./Core/Src/dac.o
 .ARM.attributes
                0x00000000000000a4       0x2d ./Core/Src/dma.o
 .ARM.attributes
                0x00000000000000d1       0x2d ./Core/Src/gpio.o
 .ARM.attributes
                0x00000000000000fe       0x2d ./Core/Src/main.o
 .ARM.attributes
                0x000000000000012b       0x2d ./Core/Src/stm32l1xx_hal_msp.o
 .ARM.attributes
                0x0000000000000158       0x2d ./Core/Src/stm32l1xx_it.o
 .ARM.attributes
                0x0000000000000185       0x2d ./Core/Src/system_stm32l1xx.o
 .ARM.attributes
                0x00000000000001b2       0x21 ./Core/Startup/startup_stm32l151cbtx.o
 .ARM.attributes
                0x00000000000001d3       0x2d ./Drivers/STM32L1xx_HAL_Driver/Src/stm32l1xx_hal.o
 .ARM.attributes
                0x0000000000000200       0x2d ./Drivers/STM32L1xx_HAL_Driver/Src/stm32l1xx_hal_adc.o
 .ARM.attributes
                0x000000000000022d       0x2d ./Drivers/STM32L1xx_HAL_Driver/Src/stm32l1xx_hal_cortex.o
 .ARM.attributes
                0x000000000000025a       0x2d ./Drivers/STM32L1xx_HAL_Driver/Src/stm32l1xx_hal_dac.o
 .ARM.attributes
                0x0000000000000287       0x2d ./Drivers/STM32L1xx_HAL_Driver/Src/stm32l1xx_hal_dma.o
 .ARM.attributes
                0x00000000000002b4       0x2d ./Drivers/STM32L1xx_HAL_Driver/Src/stm32l1xx_hal_gpio.o
 .ARM.attributes
                0x00000000000002e1       0x2d ./Drivers/STM32L1xx_HAL_Driver/Src/stm32l1xx_hal_pcd.o
 .ARM.attributes
                0x000000000000030e       0x2d ./Drivers/STM32L1xx_HAL_Driver/Src/stm32l1xx_hal_pcd_ex.o
 .ARM.attributes
                0x000000000000033b       0x2d ./Drivers/STM32L1xx_HAL_Driver/Src/stm32l1xx_hal_rcc.o
 .ARM.attributes
                0x0000000000000368       0x2d ./Drivers/STM32L1xx_HAL_Driver/Src/stm32l1xx_ll_usb.o
 .ARM.attributes
                0x0000000000000395       0x2d ./Middlewares/ST/STM32_USB_Device_Library/Class/CDC/Src/usbd_cdc.o
 .ARM.attributes
                0x00000000000003c2       0x2d ./Middlewares/ST/STM32_USB_Device_Library/Core/Src/usbd_core.o
 .ARM.attributes
                0x00000000000003ef       0x2d ./Middlewares/ST/STM32_USB_Device_Library/Core/Src/usbd_ctlreq.o
 .ARM.attributes
                0x000000000000041c       0x2d ./Middlewares/ST/STM32_USB_Device_Library/Core/Src/usbd_ioreq.o
 .ARM.attributes
                0x0000000000000449       0x2d ./USB_DEVICE/App/usb_device.o
 .ARM.attributes
                0x0000000000000476       0x2d ./USB_DEVICE/App/usbd_cdc_if.o
 .ARM.attributes
                0x00000000000004a3       0x2d ./USB_DEVICE/App/usbd_desc.o
 .ARM.attributes
                0x00000000000004d0       0x2d ./USB_DEVICE/Target/usbd_conf.o
 .ARM.attributes
                0x00000000000004fd       0x2d ./User/Src/kernel_rxtx.o
 .ARM.attributes
                0x000000000000052a       0x2d ./User/Src/usb_snd.o
 .ARM.attributes
                0x0000000000000557       0x2d c:/st/stm32cubeide_1.9.0/stm32cubeide/plugins/com.st.stm32cube.ide.mcu.externaltools.gnu-tools-for-stm32.10.3-2021.10.win32_1.0.200.202301161003/tools/bin/../lib/gcc/arm-none-eabi/10.3.1/../../../../arm-none-eabi/lib/thumb/v7-m/nofp\libc_nano.a(lib_a-init.o)
 .ARM.attributes
                0x0000000000000584       0x2d c:/st/stm32cubeide_1.9.0/stm32cubeide/plugins/com.st.stm32cube.ide.mcu.externaltools.gnu-tools-for-stm32.10.3-2021.10.win32_1.0.200.202301161003/tools/bin/../lib/gcc/arm-none-eabi/10.3.1/../../../../arm-none-eabi/lib/thumb/v7-m/nofp\libc_nano.a(lib_a-memset.o)
 .ARM.attributes
                0x00000000000005b1       0x1d c:/st/stm32cubeide_1.9.0/stm32cubeide/plugins/com.st.stm32cube.ide.mcu.externaltools.gnu-tools-for-stm32.10.3-2021.10.win32_1.0.200.202301161003/tools/bin/../lib/gcc/arm-none-eabi/10.3.1/thumb/v7-m/nofp\libgcc.a(_aeabi_uldivmod.o)
 .ARM.attributes
                0x00000000000005ce       0x2d c:/st/stm32cubeide_1.9.0/stm32cubeide/plugins/com.st.stm32cube.ide.mcu.externaltools.gnu-tools-for-stm32.10.3-2021.10.win32_1.0.200.202301161003/tools/bin/../lib/gcc/arm-none-eabi/10.3.1/thumb/v7-m/nofp\libgcc.a(_udivmoddi4.o)
 .ARM.attributes
                0x00000000000005fb       0x1d c:/st/stm32cubeide_1.9.0/stm32cubeide/plugins/com.st.stm32cube.ide.mcu.externaltools.gnu-tools-for-stm32.10.3-2021.10.win32_1.0.200.202301161003/tools/bin/../lib/gcc/arm-none-eabi/10.3.1/thumb/v7-m/nofp\libgcc.a(_dvmd_tls.o)
 .ARM.attributes
                0x0000000000000618       0x1d c:/st/stm32cubeide_1.9.0/stm32cubeide/plugins/com.st.stm32cube.ide.mcu.externaltools.gnu-tools-for-stm32.10.3-2021.10.win32_1.0.200.202301161003/tools/bin/../lib/gcc/arm-none-eabi/10.3.1/thumb/v7-m/nofp/crtn.o
OUTPUT(L151_EarControl.elf elf32-littlearm)
LOAD linker stubs
LOAD c:/st/stm32cubeide_1.9.0/stm32cubeide/plugins/com.st.stm32cube.ide.mcu.externaltools.gnu-tools-for-stm32.10.3-2021.10.win32_1.0.200.202301161003/tools/bin/../lib/gcc/arm-none-eabi/10.3.1/../../../../arm-none-eabi/lib/thumb/v7-m/nofp\libc.a
LOAD c:/st/stm32cubeide_1.9.0/stm32cubeide/plugins/com.st.stm32cube.ide.mcu.externaltools.gnu-tools-for-stm32.10.3-2021.10.win32_1.0.200.202301161003/tools/bin/../lib/gcc/arm-none-eabi/10.3.1/../../../../arm-none-eabi/lib/thumb/v7-m/nofp\libm.a
LOAD c:/st/stm32cubeide_1.9.0/stm32cubeide/plugins/com.st.stm32cube.ide.mcu.externaltools.gnu-tools-for-stm32.10.3-2021.10.win32_1.0.200.202301161003/tools/bin/../lib/gcc/arm-none-eabi/10.3.1/thumb/v7-m/nofp\libgcc.a

.debug_info     0x0000000000000000    0x11101
 .debug_info    0x0000000000000000      0x99a ./Core/Src/adc.o
 .debug_info    0x000000000000099a      0x7e3 ./Core/Src/dac.o
 .debug_info    0x000000000000117d      0x324 ./Core/Src/dma.o
 .debug_info    0x00000000000014a1      0x349 ./Core/Src/gpio.o
 .debug_info    0x00000000000017ea      0x39b ./Core/Src/main.o
 .debug_info    0x0000000000001b85      0x1d5 ./Core/Src/stm32l1xx_hal_msp.o
 .debug_info    0x0000000000001d5a      0x866 ./Core/Src/stm32l1xx_it.o
 .debug_info    0x00000000000025c0      0x2a7 ./Core/Src/system_stm32l1xx.o
 .debug_info    0x0000000000002867       0x22 ./Core/Startup/startup_stm32l151cbtx.o
 .debug_info    0x0000000000002889      0x71a ./Drivers/STM32L1xx_HAL_Driver/Src/stm32l1xx_hal.o
 .debug_info    0x0000000000002fa3      0xf5e ./Drivers/STM32L1xx_HAL_Driver/Src/stm32l1xx_hal_adc.o
 .debug_info    0x0000000000003f01      0xd79 ./Drivers/STM32L1xx_HAL_Driver/Src/stm32l1xx_hal_cortex.o
 .debug_info    0x0000000000004c7a      0xa76 ./Drivers/STM32L1xx_HAL_Driver/Src/stm32l1xx_hal_dac.o
 .debug_info    0x00000000000056f0      0x761 ./Drivers/STM32L1xx_HAL_Driver/Src/stm32l1xx_hal_dma.o
 .debug_info    0x0000000000005e51      0x65d ./Drivers/STM32L1xx_HAL_Driver/Src/stm32l1xx_hal_gpio.o
 .debug_info    0x00000000000064ae     0x1773 ./Drivers/STM32L1xx_HAL_Driver/Src/stm32l1xx_hal_pcd.o
 .debug_info    0x0000000000007c21      0x70c ./Drivers/STM32L1xx_HAL_Driver/Src/stm32l1xx_hal_pcd_ex.o
 .debug_info    0x000000000000832d      0x9ae ./Drivers/STM32L1xx_HAL_Driver/Src/stm32l1xx_hal_rcc.o
 .debug_info    0x0000000000008cdb     0x176f ./Drivers/STM32L1xx_HAL_Driver/Src/stm32l1xx_ll_usb.o
 .debug_info    0x000000000000a44a     0x10d5 ./Middlewares/ST/STM32_USB_Device_Library/Class/CDC/Src/usbd_cdc.o
 .debug_info    0x000000000000b51f      0xb02 ./Middlewares/ST/STM32_USB_Device_Library/Core/Src/usbd_core.o
 .debug_info    0x000000000000c021      0x9a6 ./Middlewares/ST/STM32_USB_Device_Library/Core/Src/usbd_ctlreq.o
 .debug_info    0x000000000000c9c7      0x715 ./Middlewares/ST/STM32_USB_Device_Library/Core/Src/usbd_ioreq.o
 .debug_info    0x000000000000d0dc      0x679 ./USB_DEVICE/App/usb_device.o
 .debug_info    0x000000000000d755      0x86c ./USB_DEVICE/App/usbd_cdc_if.o
 .debug_info    0x000000000000dfc1      0x484 ./USB_DEVICE/App/usbd_desc.o
 .debug_info    0x000000000000e445     0x19ba ./USB_DEVICE/Target/usbd_conf.o
 .debug_info    0x000000000000fdff      0xdb9 ./User/Src/kernel_rxtx.o
 .debug_info    0x0000000000010bb8      0x549 ./User/Src/usb_snd.o

.debug_abbrev   0x0000000000000000     0x3924
 .debug_abbrev  0x0000000000000000      0x220 ./Core/Src/adc.o
 .debug_abbrev  0x0000000000000220      0x1e7 ./Core/Src/dac.o
 .debug_abbrev  0x0000000000000407       0xf8 ./Core/Src/dma.o
 .debug_abbrev  0x00000000000004ff      0x146 ./Core/Src/gpio.o
 .debug_abbrev  0x0000000000000645      0x1be ./Core/Src/main.o
 .debug_abbrev  0x0000000000000803       0xc2 ./Core/Src/stm32l1xx_hal_msp.o
 .debug_abbrev  0x00000000000008c5      0x1a2 ./Core/Src/stm32l1xx_it.o
 .debug_abbrev  0x0000000000000a67      0x116 ./Core/Src/system_stm32l1xx.o
 .debug_abbrev  0x0000000000000b7d       0x12 ./Core/Startup/startup_stm32l151cbtx.o
 .debug_abbrev  0x0000000000000b8f      0x275 ./Drivers/STM32L1xx_HAL_Driver/Src/stm32l1xx_hal.o
 .debug_abbrev  0x0000000000000e04      0x280 ./Drivers/STM32L1xx_HAL_Driver/Src/stm32l1xx_hal_adc.o
 .debug_abbrev  0x0000000000001084      0x332 ./Drivers/STM32L1xx_HAL_Driver/Src/stm32l1xx_hal_cortex.o
 .debug_abbrev  0x00000000000013b6      0x1cc ./Drivers/STM32L1xx_HAL_Driver/Src/stm32l1xx_hal_dac.o
 .debug_abbrev  0x0000000000001582      0x1db ./Drivers/STM32L1xx_HAL_Driver/Src/stm32l1xx_hal_dma.o
 .debug_abbrev  0x000000000000175d      0x1e0 ./Drivers/STM32L1xx_HAL_Driver/Src/stm32l1xx_hal_gpio.o
 .debug_abbrev  0x000000000000193d      0x2dc ./Drivers/STM32L1xx_HAL_Driver/Src/stm32l1xx_hal_pcd.o
 .debug_abbrev  0x0000000000001c19      0x17f ./Drivers/STM32L1xx_HAL_Driver/Src/stm32l1xx_hal_pcd_ex.o
 .debug_abbrev  0x0000000000001d98      0x294 ./Drivers/STM32L1xx_HAL_Driver/Src/stm32l1xx_hal_rcc.o
 .debug_abbrev  0x000000000000202c      0x236 ./Drivers/STM32L1xx_HAL_Driver/Src/stm32l1xx_ll_usb.o
 .debug_abbrev  0x0000000000002262      0x2c0 ./Middlewares/ST/STM32_USB_Device_Library/Class/CDC/Src/usbd_cdc.o
 .debug_abbrev  0x0000000000002522      0x236 ./Middlewares/ST/STM32_USB_Device_Library/Core/Src/usbd_core.o
 .debug_abbrev  0x0000000000002758      0x257 ./Middlewares/ST/STM32_USB_Device_Library/Core/Src/usbd_ctlreq.o
 .debug_abbrev  0x00000000000029af      0x183 ./Middlewares/ST/STM32_USB_Device_Library/Core/Src/usbd_ioreq.o
 .debug_abbrev  0x0000000000002b32      0x183 ./USB_DEVICE/App/usb_device.o
 .debug_abbrev  0x0000000000002cb5      0x299 ./USB_DEVICE/App/usbd_cdc_if.o
 .debug_abbrev  0x0000000000002f4e      0x1fa ./USB_DEVICE/App/usbd_desc.o
 .debug_abbrev  0x0000000000003148      0x305 ./USB_DEVICE/Target/usbd_conf.o
 .debug_abbrev  0x000000000000344d      0x294 ./User/Src/kernel_rxtx.o
 .debug_abbrev  0x00000000000036e1      0x243 ./User/Src/usb_snd.o

.debug_aranges  0x0000000000000000      0xdc0
 .debug_aranges
                0x0000000000000000       0x30 ./Core/Src/adc.o
 .debug_aranges
                0x0000000000000030       0x30 ./Core/Src/dac.o
 .debug_aranges
                0x0000000000000060       0x20 ./Core/Src/dma.o
 .debug_aranges
                0x0000000000000080       0x20 ./Core/Src/gpio.o
 .debug_aranges
                0x00000000000000a0       0x38 ./Core/Src/main.o
 .debug_aranges
                0x00000000000000d8       0x20 ./Core/Src/stm32l1xx_hal_msp.o
 .debug_aranges
                0x00000000000000f8       0x68 ./Core/Src/stm32l1xx_it.o
 .debug_aranges
                0x0000000000000160       0x28 ./Core/Src/system_stm32l1xx.o
 .debug_aranges
                0x0000000000000188       0x28 ./Core/Startup/startup_stm32l151cbtx.o
 .debug_aranges
                0x00000000000001b0       0xe0 ./Drivers/STM32L1xx_HAL_Driver/Src/stm32l1xx_hal.o
 .debug_aranges
                0x0000000000000290       0xf0 ./Drivers/STM32L1xx_HAL_Driver/Src/stm32l1xx_hal_adc.o
 .debug_aranges
                0x0000000000000380      0x118 ./Drivers/STM32L1xx_HAL_Driver/Src/stm32l1xx_hal_cortex.o
 .debug_aranges
                0x0000000000000498       0xc0 ./Drivers/STM32L1xx_HAL_Driver/Src/stm32l1xx_hal_dac.o
 .debug_aranges
                0x0000000000000558       0x80 ./Drivers/STM32L1xx_HAL_Driver/Src/stm32l1xx_hal_dma.o
 .debug_aranges
                0x00000000000005d8       0x58 ./Drivers/STM32L1xx_HAL_Driver/Src/stm32l1xx_hal_gpio.o
 .debug_aranges
                0x0000000000000630      0x140 ./Drivers/STM32L1xx_HAL_Driver/Src/stm32l1xx_hal_pcd.o
 .debug_aranges
                0x0000000000000770       0x38 ./Drivers/STM32L1xx_HAL_Driver/Src/stm32l1xx_hal_pcd_ex.o
 .debug_aranges
                0x00000000000007a8       0x90 ./Drivers/STM32L1xx_HAL_Driver/Src/stm32l1xx_hal_rcc.o
 .debug_aranges
                0x0000000000000838       0xc8 ./Drivers/STM32L1xx_HAL_Driver/Src/stm32l1xx_ll_usb.o
 .debug_aranges
                0x0000000000000900       0x90 ./Middlewares/ST/STM32_USB_Device_Library/Class/CDC/Src/usbd_cdc.o
 .debug_aranges
                0x0000000000000990       0xb8 ./Middlewares/ST/STM32_USB_Device_Library/Core/Src/usbd_core.o
 .debug_aranges
                0x0000000000000a48       0x88 ./Middlewares/ST/STM32_USB_Device_Library/Core/Src/usbd_ctlreq.o
 .debug_aranges
                0x0000000000000ad0       0x50 ./Middlewares/ST/STM32_USB_Device_Library/Core/Src/usbd_ioreq.o
 .debug_aranges
                0x0000000000000b20       0x20 ./USB_DEVICE/App/usb_device.o
 .debug_aranges
                0x0000000000000b40       0x40 ./USB_DEVICE/App/usbd_cdc_if.o
 .debug_aranges
                0x0000000000000b80       0x60 ./USB_DEVICE/App/usbd_desc.o
 .debug_aranges
                0x0000000000000be0      0x118 ./USB_DEVICE/Target/usbd_conf.o
 .debug_aranges
                0x0000000000000cf8       0x40 ./User/Src/kernel_rxtx.o
 .debug_aranges
                0x0000000000000d38       0x88 ./User/Src/usb_snd.o

.debug_ranges   0x0000000000000000      0xbf8
 .debug_ranges  0x0000000000000000       0x20 ./Core/Src/adc.o
 .debug_ranges  0x0000000000000020       0x20 ./Core/Src/dac.o
 .debug_ranges  0x0000000000000040       0x10 ./Core/Src/dma.o
 .debug_ranges  0x0000000000000050       0x10 ./Core/Src/gpio.o
 .debug_ranges  0x0000000000000060       0x28 ./Core/Src/main.o
 .debug_ranges  0x0000000000000088       0x10 ./Core/Src/stm32l1xx_hal_msp.o
 .debug_ranges  0x0000000000000098       0x58 ./Core/Src/stm32l1xx_it.o
 .debug_ranges  0x00000000000000f0       0x18 ./Core/Src/system_stm32l1xx.o
 .debug_ranges  0x0000000000000108       0x20 ./Core/Startup/startup_stm32l151cbtx.o
 .debug_ranges  0x0000000000000128       0xd0 ./Drivers/STM32L1xx_HAL_Driver/Src/stm32l1xx_hal.o
 .debug_ranges  0x00000000000001f8       0xe0 ./Drivers/STM32L1xx_HAL_Driver/Src/stm32l1xx_hal_adc.o
 .debug_ranges  0x00000000000002d8      0x108 ./Drivers/STM32L1xx_HAL_Driver/Src/stm32l1xx_hal_cortex.o
 .debug_ranges  0x00000000000003e0       0xb0 ./Drivers/STM32L1xx_HAL_Driver/Src/stm32l1xx_hal_dac.o
 .debug_ranges  0x0000000000000490       0x70 ./Drivers/STM32L1xx_HAL_Driver/Src/stm32l1xx_hal_dma.o
 .debug_ranges  0x0000000000000500       0x48 ./Drivers/STM32L1xx_HAL_Driver/Src/stm32l1xx_hal_gpio.o
 .debug_ranges  0x0000000000000548      0x130 ./Drivers/STM32L1xx_HAL_Driver/Src/stm32l1xx_hal_pcd.o
 .debug_ranges  0x0000000000000678       0x28 ./Drivers/STM32L1xx_HAL_Driver/Src/stm32l1xx_hal_pcd_ex.o
 .debug_ranges  0x00000000000006a0       0x80 ./Drivers/STM32L1xx_HAL_Driver/Src/stm32l1xx_hal_rcc.o
 .debug_ranges  0x0000000000000720       0xb8 ./Drivers/STM32L1xx_HAL_Driver/Src/stm32l1xx_ll_usb.o
 .debug_ranges  0x00000000000007d8       0x80 ./Middlewares/ST/STM32_USB_Device_Library/Class/CDC/Src/usbd_cdc.o
 .debug_ranges  0x0000000000000858       0xa8 ./Middlewares/ST/STM32_USB_Device_Library/Core/Src/usbd_core.o
 .debug_ranges  0x0000000000000900       0x78 ./Middlewares/ST/STM32_USB_Device_Library/Core/Src/usbd_ctlreq.o
 .debug_ranges  0x0000000000000978       0x40 ./Middlewares/ST/STM32_USB_Device_Library/Core/Src/usbd_ioreq.o
 .debug_ranges  0x00000000000009b8       0x10 ./USB_DEVICE/App/usb_device.o
 .debug_ranges  0x00000000000009c8       0x30 ./USB_DEVICE/App/usbd_cdc_if.o
 .debug_ranges  0x00000000000009f8       0x50 ./USB_DEVICE/App/usbd_desc.o
 .debug_ranges  0x0000000000000a48      0x108 ./USB_DEVICE/Target/usbd_conf.o
 .debug_ranges  0x0000000000000b50       0x30 ./User/Src/kernel_rxtx.o
 .debug_ranges  0x0000000000000b80       0x78 ./User/Src/usb_snd.o

.debug_macro    0x0000000000000000    0x17d85
 .debug_macro   0x0000000000000000      0x1f6 ./Core/Src/adc.o
 .debug_macro   0x00000000000001f6      0xa6c ./Core/Src/adc.o
 .debug_macro   0x0000000000000c62      0x11c ./Core/Src/adc.o
 .debug_macro   0x0000000000000d7e       0x2e ./Core/Src/adc.o
 .debug_macro   0x0000000000000dac       0x22 ./Core/Src/adc.o
 .debug_macro   0x0000000000000dce       0x22 ./Core/Src/adc.o
 .debug_macro   0x0000000000000df0       0x8e ./Core/Src/adc.o
 .debug_macro   0x0000000000000e7e       0x51 ./Core/Src/adc.o
 .debug_macro   0x0000000000000ecf      0x103 ./Core/Src/adc.o
 .debug_macro   0x0000000000000fd2       0x6a ./Core/Src/adc.o
 .debug_macro   0x000000000000103c      0x1df ./Core/Src/adc.o
 .debug_macro   0x000000000000121b       0x1c ./Core/Src/adc.o
 .debug_macro   0x0000000000001237       0x22 ./Core/Src/adc.o
 .debug_macro   0x0000000000001259       0xbd ./Core/Src/adc.o
 .debug_macro   0x0000000000001316      0xe49 ./Core/Src/adc.o
 .debug_macro   0x000000000000215f      0x11f ./Core/Src/adc.o
 .debug_macro   0x000000000000227e     0x990f ./Core/Src/adc.o
 .debug_macro   0x000000000000bb8d       0x6d ./Core/Src/adc.o
 .debug_macro   0x000000000000bbfa     0x34cc ./Core/Src/adc.o
 .debug_macro   0x000000000000f0c6      0x174 ./Core/Src/adc.o
 .debug_macro   0x000000000000f23a       0x5b ./Core/Src/adc.o
 .debug_macro   0x000000000000f295      0xe37 ./Core/Src/adc.o
 .debug_macro   0x00000000000100cc       0x5c ./Core/Src/adc.o
 .debug_macro   0x0000000000010128      0x1b8 ./Core/Src/adc.o
 .debug_macro   0x00000000000102e0       0xa7 ./Core/Src/adc.o
 .debug_macro   0x0000000000010387      0x21e ./Core/Src/adc.o
 .debug_macro   0x00000000000105a5      0x236 ./Core/Src/adc.o
 .debug_macro   0x00000000000107db      0x631 ./Core/Src/adc.o
 .debug_macro   0x0000000000010e0c      0x15d ./Core/Src/adc.o
 .debug_macro   0x0000000000010f69      0x11b ./Core/Src/adc.o
 .debug_macro   0x0000000000011084       0xa6 ./Core/Src/adc.o
 .debug_macro   0x000000000001112a      0x10e ./Core/Src/adc.o
 .debug_macro   0x0000000000011238      0x281 ./Core/Src/adc.o
 .debug_macro   0x00000000000114b9      0x1e9 ./Core/Src/adc.o
 .debug_macro   0x00000000000116a2       0x22 ./Core/Src/adc.o
 .debug_macro   0x00000000000116c4       0x73 ./Core/Src/adc.o
 .debug_macro   0x0000000000011737      0x242 ./Core/Src/adc.o
 .debug_macro   0x0000000000011979      0x15c ./Core/Src/adc.o
 .debug_macro   0x0000000000011ad5      0x3ce ./Core/Src/adc.o
 .debug_macro   0x0000000000011ea3       0x34 ./Core/Src/adc.o
 .debug_macro   0x0000000000011ed7      0x1f6 ./Core/Src/dac.o
 .debug_macro   0x00000000000120cd      0x1f6 ./Core/Src/dma.o
 .debug_macro   0x00000000000122c3      0x1f6 ./Core/Src/gpio.o
 .debug_macro   0x00000000000124b9      0x478 ./Core/Src/main.o
 .debug_macro   0x0000000000012931       0x52 ./Core/Src/main.o
 .debug_macro   0x0000000000012983       0x18 ./Core/Src/main.o
 .debug_macro   0x000000000001299b       0x3c ./Core/Src/main.o
 .debug_macro   0x00000000000129d7       0x34 ./Core/Src/main.o
 .debug_macro   0x0000000000012a0b       0x16 ./Core/Src/main.o
 .debug_macro   0x0000000000012a21       0x35 ./Core/Src/main.o
 .debug_macro   0x0000000000012a56      0x341 ./Core/Src/main.o
 .debug_macro   0x0000000000012d97       0x10 ./Core/Src/main.o
 .debug_macro   0x0000000000012da7       0x16 ./Core/Src/main.o
 .debug_macro   0x0000000000012dbd       0x43 ./Core/Src/main.o
 .debug_macro   0x0000000000012e00       0x34 ./Core/Src/main.o
 .debug_macro   0x0000000000012e34       0x10 ./Core/Src/main.o
 .debug_macro   0x0000000000012e44       0x58 ./Core/Src/main.o
 .debug_macro   0x0000000000012e9c       0x71 ./Core/Src/main.o
 .debug_macro   0x0000000000012f0d       0x1c ./Core/Src/main.o
 .debug_macro   0x0000000000012f29      0x12a ./Core/Src/main.o
 .debug_macro   0x0000000000013053       0x10 ./Core/Src/main.o
 .debug_macro   0x0000000000013063       0x1c ./Core/Src/main.o
 .debug_macro   0x000000000001307f       0x52 ./Core/Src/main.o
 .debug_macro   0x00000000000130d1       0x22 ./Core/Src/main.o
 .debug_macro   0x00000000000130f3       0x10 ./Core/Src/main.o
 .debug_macro   0x0000000000013103       0x52 ./Core/Src/main.o
 .debug_macro   0x0000000000013155       0xd5 ./Core/Src/main.o
 .debug_macro   0x000000000001322a       0x1c ./Core/Src/main.o
 .debug_macro   0x0000000000013246       0x3d ./Core/Src/main.o
 .debug_macro   0x0000000000013283       0x16 ./Core/Src/main.o
 .debug_macro   0x0000000000013299      0x145 ./Core/Src/main.o
 .debug_macro   0x00000000000133de       0x16 ./Core/Src/main.o
 .debug_macro   0x00000000000133f4       0x16 ./Core/Src/main.o
 .debug_macro   0x000000000001340a       0x29 ./Core/Src/main.o
 .debug_macro   0x0000000000013433       0x16 ./Core/Src/main.o
 .debug_macro   0x0000000000013449       0x20 ./Core/Src/main.o
 .debug_macro   0x0000000000013469       0x59 ./Core/Src/main.o
 .debug_macro   0x00000000000134c2      0x1d6 ./Core/Src/main.o
 .debug_macro   0x0000000000013698       0x8f ./Core/Src/main.o
 .debug_macro   0x0000000000013727       0x10 ./Core/Src/main.o
 .debug_macro   0x0000000000013737       0x16 ./Core/Src/main.o
 .debug_macro   0x000000000001374d       0x22 ./Core/Src/main.o
 .debug_macro   0x000000000001376f       0x2e ./Core/Src/main.o
 .debug_macro   0x000000000001379d      0x1ec ./Core/Src/stm32l1xx_hal_msp.o
 .debug_macro   0x0000000000013989      0x1f6 ./Core/Src/stm32l1xx_it.o
 .debug_macro   0x0000000000013b7f      0x1dd ./Core/Src/system_stm32l1xx.o
 .debug_macro   0x0000000000013d5c      0x201 ./Drivers/STM32L1xx_HAL_Driver/Src/stm32l1xx_hal.o
 .debug_macro   0x0000000000013f5d      0x1fa ./Drivers/STM32L1xx_HAL_Driver/Src/stm32l1xx_hal_adc.o
 .debug_macro   0x0000000000014157      0x1dd ./Drivers/STM32L1xx_HAL_Driver/Src/stm32l1xx_hal_cortex.o
 .debug_macro   0x0000000000014334      0x1de ./Drivers/STM32L1xx_HAL_Driver/Src/stm32l1xx_hal_dac.o
 .debug_macro   0x0000000000014512      0x1dd ./Drivers/STM32L1xx_HAL_Driver/Src/stm32l1xx_hal_dma.o
 .debug_macro   0x00000000000146ef      0x1e4 ./Drivers/STM32L1xx_HAL_Driver/Src/stm32l1xx_hal_gpio.o
 .debug_macro   0x00000000000148d3      0x1e9 ./Drivers/STM32L1xx_HAL_Driver/Src/stm32l1xx_hal_pcd.o
 .debug_macro   0x0000000000014abc      0x1dd ./Drivers/STM32L1xx_HAL_Driver/Src/stm32l1xx_hal_pcd_ex.o
 .debug_macro   0x0000000000014c99      0x1ef ./Drivers/STM32L1xx_HAL_Driver/Src/stm32l1xx_hal_rcc.o
 .debug_macro   0x0000000000014e88      0x1dd ./Drivers/STM32L1xx_HAL_Driver/Src/stm32l1xx_ll_usb.o
 .debug_macro   0x0000000000015065      0x402 ./Middlewares/ST/STM32_USB_Device_Library/Class/CDC/Src/usbd_cdc.o
 .debug_macro   0x0000000000015467       0x97 ./Middlewares/ST/STM32_USB_Device_Library/Class/CDC/Src/usbd_cdc.o
 .debug_macro   0x00000000000154fe       0xfd ./Middlewares/ST/STM32_USB_Device_Library/Class/CDC/Src/usbd_cdc.o
 .debug_macro   0x00000000000155fb       0x55 ./Middlewares/ST/STM32_USB_Device_Library/Class/CDC/Src/usbd_cdc.o
 .debug_macro   0x0000000000015650      0x3e9 ./Middlewares/ST/STM32_USB_Device_Library/Core/Src/usbd_core.o
 .debug_macro   0x0000000000015a39      0x1dc ./Middlewares/ST/STM32_USB_Device_Library/Core/Src/usbd_core.o
 .debug_macro   0x0000000000015c15      0x3f3 ./Middlewares/ST/STM32_USB_Device_Library/Core/Src/usbd_ctlreq.o
 .debug_macro   0x0000000000016008      0x3ef ./Middlewares/ST/STM32_USB_Device_Library/Core/Src/usbd_ioreq.o
 .debug_macro   0x00000000000163f7      0x422 ./USB_DEVICE/App/usb_device.o
 .debug_macro   0x0000000000016819       0x3a ./USB_DEVICE/App/usb_device.o
 .debug_macro   0x0000000000016853       0x22 ./USB_DEVICE/App/usb_device.o
 .debug_macro   0x0000000000016875       0x16 ./USB_DEVICE/App/usb_device.o
 .debug_macro   0x000000000001688b      0x429 ./USB_DEVICE/App/usbd_cdc_if.o
 .debug_macro   0x0000000000016cb4      0x426 ./USB_DEVICE/App/usbd_desc.o
 .debug_macro   0x00000000000170da       0x1c ./USB_DEVICE/App/usbd_desc.o
 .debug_macro   0x00000000000170f6      0x406 ./USB_DEVICE/Target/usbd_conf.o
 .debug_macro   0x00000000000174fc      0x45e ./User/Src/kernel_rxtx.o
 .debug_macro   0x000000000001795a      0x42b ./User/Src/usb_snd.o

.debug_line     0x0000000000000000    0x14bb9
 .debug_line    0x0000000000000000      0x882 ./Core/Src/adc.o
 .debug_line    0x0000000000000882      0x76a ./Core/Src/dac.o
 .debug_line    0x0000000000000fec      0x701 ./Core/Src/dma.o
 .debug_line    0x00000000000016ed      0x713 ./Core/Src/gpio.o
 .debug_line    0x0000000000001e00      0xb2a ./Core/Src/main.o
 .debug_line    0x000000000000292a      0x706 ./Core/Src/stm32l1xx_hal_msp.o
 .debug_line    0x0000000000003030      0x7e5 ./Core/Src/stm32l1xx_it.o
 .debug_line    0x0000000000003815      0x7a6 ./Core/Src/system_stm32l1xx.o
 .debug_line    0x0000000000003fbb       0x87 ./Core/Startup/startup_stm32l151cbtx.o
 .debug_line    0x0000000000004042      0x9dd ./Drivers/STM32L1xx_HAL_Driver/Src/stm32l1xx_hal.o
 .debug_line    0x0000000000004a1f     0x13b2 ./Drivers/STM32L1xx_HAL_Driver/Src/stm32l1xx_hal_adc.o
 .debug_line    0x0000000000005dd1      0xe37 ./Drivers/STM32L1xx_HAL_Driver/Src/stm32l1xx_hal_cortex.o
 .debug_line    0x0000000000006c08      0xc39 ./Drivers/STM32L1xx_HAL_Driver/Src/stm32l1xx_hal_dac.o
 .debug_line    0x0000000000007841      0xcef ./Drivers/STM32L1xx_HAL_Driver/Src/stm32l1xx_hal_dma.o
 .debug_line    0x0000000000008530      0xb81 ./Drivers/STM32L1xx_HAL_Driver/Src/stm32l1xx_hal_gpio.o
 .debug_line    0x00000000000090b1     0x132e ./Drivers/STM32L1xx_HAL_Driver/Src/stm32l1xx_hal_pcd.o
 .debug_line    0x000000000000a3df      0x77f ./Drivers/STM32L1xx_HAL_Driver/Src/stm32l1xx_hal_pcd_ex.o
 .debug_line    0x000000000000ab5e     0x10fd ./Drivers/STM32L1xx_HAL_Driver/Src/stm32l1xx_hal_rcc.o
 .debug_line    0x000000000000bc5b      0xfdb ./Drivers/STM32L1xx_HAL_Driver/Src/stm32l1xx_ll_usb.o
 .debug_line    0x000000000000cc36      0xd8f ./Middlewares/ST/STM32_USB_Device_Library/Class/CDC/Src/usbd_cdc.o
 .debug_line    0x000000000000d9c5      0xe09 ./Middlewares/ST/STM32_USB_Device_Library/Core/Src/usbd_core.o
 .debug_line    0x000000000000e7ce      0xfa8 ./Middlewares/ST/STM32_USB_Device_Library/Core/Src/usbd_ctlreq.o
 .debug_line    0x000000000000f776      0xaa7 ./Middlewares/ST/STM32_USB_Device_Library/Core/Src/usbd_ioreq.o
 .debug_line    0x000000000001021d      0xa67 ./USB_DEVICE/App/usb_device.o
 .debug_line    0x0000000000010c84      0xb01 ./USB_DEVICE/App/usbd_cdc_if.o
 .debug_line    0x0000000000011785      0xb30 ./USB_DEVICE/App/usbd_desc.o
 .debug_line    0x00000000000122b5      0xe57 ./USB_DEVICE/Target/usbd_conf.o
 .debug_line    0x000000000001310c      0xc63 ./User/Src/kernel_rxtx.o
 .debug_line    0x0000000000013d6f      0xe4a ./User/Src/usb_snd.o

.debug_str      0x0000000000000000    0x7f7dd
 .debug_str     0x0000000000000000    0x775fe ./Core/Src/adc.o
                                      0x77910 (size before relaxing)
 .debug_str     0x00000000000775fe      0x1b8 ./Core/Src/dac.o
                                      0x77816 (size before relaxing)
 .debug_str     0x00000000000777b6      0x318 ./Core/Src/dma.o
                                      0x776b7 (size before relaxing)
 .debug_str     0x0000000000077ace       0x68 ./Core/Src/gpio.o
                                      0x77496 (size before relaxing)
 .debug_str     0x0000000000077b36     0x4dd4 ./Core/Src/main.o
                                      0x7c215 (size before relaxing)
 .debug_str     0x000000000007c90a       0x2c ./Core/Src/stm32l1xx_hal_msp.o
                                      0x773cb (size before relaxing)
 .debug_str     0x000000000007c936      0x3fd ./Core/Src/stm32l1xx_it.o
                                      0x77947 (size before relaxing)
 .debug_str     0x000000000007cd33       0x99 ./Core/Src/system_stm32l1xx.o
                                      0x773a5 (size before relaxing)
 .debug_str     0x000000000007cdcc       0x36 ./Core/Startup/startup_stm32l151cbtx.o
                                         0x78 (size before relaxing)
 .debug_str     0x000000000007ce02      0x311 ./Drivers/STM32L1xx_HAL_Driver/Src/stm32l1xx_hal.o
                                      0x77a4a (size before relaxing)
 .debug_str     0x000000000007d113      0x364 ./Drivers/STM32L1xx_HAL_Driver/Src/stm32l1xx_hal_adc.o
                                      0x77b45 (size before relaxing)
 .debug_str     0x000000000007d477      0x38e ./Drivers/STM32L1xx_HAL_Driver/Src/stm32l1xx_hal_cortex.o
                                      0x77b26 (size before relaxing)
 .debug_str     0x000000000007d805      0x205 ./Drivers/STM32L1xx_HAL_Driver/Src/stm32l1xx_hal_dac.o
                                      0x778b3 (size before relaxing)
 .debug_str     0x000000000007da0a      0x204 ./Drivers/STM32L1xx_HAL_Driver/Src/stm32l1xx_hal_dma.o
                                      0x7774a (size before relaxing)
 .debug_str     0x000000000007dc0e      0x116 ./Drivers/STM32L1xx_HAL_Driver/Src/stm32l1xx_hal_gpio.o
                                      0x77558 (size before relaxing)
 .debug_str     0x000000000007dd24      0x548 ./Drivers/STM32L1xx_HAL_Driver/Src/stm32l1xx_hal_pcd.o
                                      0x77c09 (size before relaxing)
 .debug_str     0x000000000007e26c      0x170 ./Drivers/STM32L1xx_HAL_Driver/Src/stm32l1xx_hal_pcd_ex.o
                                      0x777d2 (size before relaxing)
 .debug_str     0x000000000007e3dc      0x26f ./Drivers/STM32L1xx_HAL_Driver/Src/stm32l1xx_hal_rcc.o
                                      0x77854 (size before relaxing)
 .debug_str     0x000000000007e64b       0xd8 ./Drivers/STM32L1xx_HAL_Driver/Src/stm32l1xx_ll_usb.o
                                      0x7776d (size before relaxing)
 .debug_str     0x000000000007e723      0x63d ./Middlewares/ST/STM32_USB_Device_Library/Class/CDC/Src/usbd_cdc.o
                                      0x7c8f0 (size before relaxing)
 .debug_str     0x000000000007ed60      0x288 ./Middlewares/ST/STM32_USB_Device_Library/Core/Src/usbd_core.o
                                      0x7c237 (size before relaxing)
 .debug_str     0x000000000007efe8      0x120 ./Middlewares/ST/STM32_USB_Device_Library/Core/Src/usbd_ctlreq.o
                                      0x7c151 (size before relaxing)
 .debug_str     0x000000000007f108       0x51 ./Middlewares/ST/STM32_USB_Device_Library/Core/Src/usbd_ioreq.o
                                      0x7c07e (size before relaxing)
 .debug_str     0x000000000007f159       0xc6 ./USB_DEVICE/App/usb_device.o
                                      0x7c409 (size before relaxing)
 .debug_str     0x000000000007f21f       0x9f ./USB_DEVICE/App/usbd_cdc_if.o
                                      0x7c45b (size before relaxing)
 .debug_str     0x000000000007f2be      0x258 ./USB_DEVICE/App/usbd_desc.o
                                      0x7bfba (size before relaxing)
 .debug_str     0x000000000007f516       0x6d ./USB_DEVICE/Target/usbd_conf.o
                                      0x7cea8 (size before relaxing)
 .debug_str     0x000000000007f583      0x16f ./User/Src/kernel_rxtx.o
                                      0x7c700 (size before relaxing)
 .debug_str     0x000000000007f6f2       0xeb ./User/Src/usb_snd.o
                                      0x7c0b0 (size before relaxing)

.comment        0x0000000000000000       0x50
 .comment       0x0000000000000000       0x50 ./Core/Src/adc.o
                                         0x51 (size before relaxing)
 .comment       0x0000000000000050       0x51 ./Core/Src/dac.o
 .comment       0x0000000000000050       0x51 ./Core/Src/dma.o
 .comment       0x0000000000000050       0x51 ./Core/Src/gpio.o
 .comment       0x0000000000000050       0x51 ./Core/Src/main.o
 .comment       0x0000000000000050       0x51 ./Core/Src/stm32l1xx_hal_msp.o
 .comment       0x0000000000000050       0x51 ./Core/Src/stm32l1xx_it.o
 .comment       0x0000000000000050       0x51 ./Core/Src/system_stm32l1xx.o
 .comment       0x0000000000000050       0x51 ./Drivers/STM32L1xx_HAL_Driver/Src/stm32l1xx_hal.o
 .comment       0x0000000000000050       0x51 ./Drivers/STM32L1xx_HAL_Driver/Src/stm32l1xx_hal_adc.o
 .comment       0x0000000000000050       0x51 ./Drivers/STM32L1xx_HAL_Driver/Src/stm32l1xx_hal_cortex.o
 .comment       0x0000000000000050       0x51 ./Drivers/STM32L1xx_HAL_Driver/Src/stm32l1xx_hal_dac.o
 .comment       0x0000000000000050       0x51 ./Drivers/STM32L1xx_HAL_Driver/Src/stm32l1xx_hal_dma.o
 .comment       0x0000000000000050       0x51 ./Drivers/STM32L1xx_HAL_Driver/Src/stm32l1xx_hal_gpio.o
 .comment       0x0000000000000050       0x51 ./Drivers/STM32L1xx_HAL_Driver/Src/stm32l1xx_hal_pcd.o
 .comment       0x0000000000000050       0x51 ./Drivers/STM32L1xx_HAL_Driver/Src/stm32l1xx_hal_pcd_ex.o
 .comment       0x0000000000000050       0x51 ./Drivers/STM32L1xx_HAL_Driver/Src/stm32l1xx_hal_rcc.o
 .comment       0x0000000000000050       0x51 ./Drivers/STM32L1xx_HAL_Driver/Src/stm32l1xx_ll_usb.o
 .comment       0x0000000000000050       0x51 ./Middlewares/ST/STM32_USB_Device_Library/Class/CDC/Src/usbd_cdc.o
 .comment       0x0000000000000050       0x51 ./Middlewares/ST/STM32_USB_Device_Library/Core/Src/usbd_core.o
 .comment       0x0000000000000050       0x51 ./Middlewares/ST/STM32_USB_Device_Library/Core/Src/usbd_ctlreq.o
 .comment       0x0000000000000050       0x51 ./Middlewares/ST/STM32_USB_Device_Library/Core/Src/usbd_ioreq.o
 .comment       0x0000000000000050       0x51 ./USB_DEVICE/App/usb_device.o
 .comment       0x0000000000000050       0x51 ./USB_DEVICE/App/usbd_cdc_if.o
 .comment       0x0000000000000050       0x51 ./USB_DEVICE/App/usbd_desc.o
 .comment       0x0000000000000050       0x51 ./USB_DEVICE/Target/usbd_conf.o
 .comment       0x0000000000000050       0x51 ./User/Src/kernel_rxtx.o
 .comment       0x0000000000000050       0x51 ./User/Src/usb_snd.o
